2019-10-29T08:07:54.616+0000: [GC (CMS Initial Mark) [1 CMS-initial-mark: 0K(6144K)] 2852131K(4724736K), 0.1034950 secs] [Times: user=0.12 sys=0.00, real=0.11 secs]
2019-10-29T08:07:54.720+0000: [CMS-concurrent-mark-start]
2019-10-29T08:07:54.721+0000: [CMS-concurrent-mark: 0.001/0.001 secs] [Times: user=0.01 sys=0.00, real=0.00 secs]
2019-10-29T08:07:54.721+0000: [CMS-concurrent-preclean-start]
2019-10-29T08:07:54.722+0000: [CMS-concurrent-preclean: 0.001/0.001 secs] [Times: user=0.00 sys=0.00, real=0.00 secs]
2019-10-29T08:07:54.722+0000: [CMS-concurrent-abortable-preclean-start]
 CMS: abort preclean due to time 2019-10-29T08:07:59.734+0000: [CMS-concurrent-abortable-preclean: 0.016/5.012 secs] [Times: user=0.03 sys=0.00, real=5.01 secs]
2019-10-29T08:07:59.734+0000: [GC (CMS Final Remark) [YG occupancy: 2936017 K (4718592 K)]2019-10-29T08:07:59.734+0000: [Rescan (parallel) , 0.1275439 secs]2019-10-29T08:07:59.862+0000: [weak refs processing, 0.0000344 secs]2019-10-29T08:07:59.862+0000: [class unloading, 0.0031304 secs]2019-10-29T08:07:59.865+0000: [scrub symbol table, 0.0035499 secs]2019-10-29T08:07:59.868+0000: [scrub string table, 0.0002870 secs][1 CMS-remark: 0K(6144K)] 2936017K(4724736K), 0.1351939 secs] [Times: user=2.81 sys=0.00, real=0.14 secs]
2019-10-29T08:07:59.869+0000: [CMS-concurrent-sweep-start]
2019-10-29T08:07:59.869+0000: [CMS-concurrent-sweep: 0.000/0.000 secs] [Times: user=0.00 sys=0.00, real=0.00 secs]
2019-10-29T08:07:59.869+0000: [CMS-concurrent-reset-start]
2019-10-29T08:07:59.943+0000: [CMS-concurrent-reset: 0.073/0.073 secs] [Times: user=0.02 sys=0.06, real=0.07 secs]
2019-10-29T08:08:15.937+0000: [GC (CMS Initial Mark) [1 CMS-initial-mark: 0K(6144K)] 3942652K(4724736K), 0.1064317 secs] [Times: user=0.29 sys=0.00, real=0.11 secs]
2019-10-29T08:08:16.044+0000: [CMS-concurrent-mark-start]
2019-10-29T08:08:16.045+0000: [CMS-concurrent-mark: 0.001/0.001 secs] [Times: user=0.01 sys=0.00, real=0.00 secs]
2019-10-29T08:08:16.045+0000: [CMS-concurrent-preclean-start]
2019-10-29T08:08:16.046+0000: [CMS-concurrent-preclean: 0.001/0.001 secs] [Times: user=0.00 sys=0.00, real=0.01 secs]
2019-10-29T08:08:16.046+0000: [CMS-concurrent-abortable-preclean-start]
2019-10-29T08:08:18.372+0000: [GC (Allocation Failure) 2019-10-29T08:08:18.372+0000: [ParNew2019-10-29T08:08:18.419+0000: [CMS-concurrent-abortable-preclean: 0.022/2.373 secs] [Times: user=2.68 sys=0.54, real=2.37 secs]
: 4194304K->97334K(4718592K), 0.0474044 secs] 4194304K->97334K(4724736K), 0.0474745 secs] [Times: user=0.35 sys=0.07, real=0.05 secs]
2019-10-29T08:08:18.420+0000: [GC (CMS Final Remark) [YG occupancy: 146843 K (4718592 K)]2019-10-29T08:08:18.420+0000: [Rescan (parallel) , 0.0042294 secs]2019-10-29T08:08:18.424+0000: [weak refs processing, 0.0000327 secs]2019-10-29T08:08:18.424+0000: [class unloading, 0.0055893 secs]2019-10-29T08:08:18.430+0000: [scrub symbol table, 0.0070520 secs]2019-10-29T08:08:18.437+0000: [scrub string table, 0.0004353 secs][1 CMS-remark: 0K(6144K)] 146843K(4724736K), 0.0184656 secs] [Times: user=0.09 sys=0.00, real=0.02 secs]
2019-10-29T08:08:18.439+0000: [CMS-concurrent-sweep-start]
2019-10-29T08:08:18.439+0000: [CMS-concurrent-sweep: 0.000/0.000 secs] [Times: user=0.00 sys=0.00, real=0.00 secs]
2019-10-29T08:08:18.439+0000: [CMS-concurrent-reset-start]
2019-10-29T08:08:18.465+0000: [CMS-concurrent-reset: 0.021/0.026 secs] [Times: user=0.12 sys=0.00, real=0.02 secs]
2019-10-29T08:08:29.456+0000: [GC (Allocation Failure) 2019-10-29T08:08:29.456+0000: [ParNew: 4235656K->524288K(4718592K), 0.1627562 secs] 4235656K->882632K(5078424K), 0.1628723 secs] [Times: user=2.39 sys=0.59, real=0.17 secs]
2019-10-29T08:08:29.642+0000: [GC (CMS Initial Mark) [1 CMS-initial-mark: 358344K(359832K)] 1054950K(5078424K), 0.0108063 secs] [Times: user=0.05 sys=0.00, real=0.01 secs]
2019-10-29T08:08:29.653+0000: [CMS-concurrent-mark-start]
2019-10-29T08:08:29.706+0000: [CMS-concurrent-mark: 0.028/0.053 secs] [Times: user=0.14 sys=0.00, real=0.06 secs]
2019-10-29T08:08:29.706+0000: [CMS-concurrent-preclean-start]
2019-10-29T08:08:29.710+0000: [CMS-concurrent-preclean: 0.003/0.004 secs] [Times: user=0.04 sys=0.00, real=0.00 secs]
2019-10-29T08:08:29.710+0000: [CMS-concurrent-abortable-preclean-start]
2019-10-29T08:08:30.565+0000: [CMS-concurrent-abortable-preclean: 0.638/0.855 secs] [Times: user=6.69 sys=0.69, real=0.85 secs]
2019-10-29T08:08:30.566+0000: [GC (CMS Final Remark) [YG occupancy: 2955519 K (4718592 K)]2019-10-29T08:08:30.566+0000: [Rescan (parallel) , 0.0398420 secs]2019-10-29T08:08:30.606+0000: [weak refs processing, 0.0016396 secs]2019-10-29T08:08:30.608+0000: [class unloading, 0.0126627 secs]2019-10-29T08:08:30.620+0000: [scrub symbol table, 0.0156830 secs]2019-10-29T08:08:30.636+0000: [scrub string table, 0.0009756 secs][1 CMS-remark: 358344K(359832K)] 3313863K(5078424K), 0.0793275 secs] [Times: user=0.57 sys=0.01, real=0.07 secs]
2019-10-29T08:08:30.645+0000: [CMS-concurrent-sweep-start]
2019-10-29T08:08:30.649+0000: [CMS-concurrent-sweep: 0.003/0.003 secs] [Times: user=0.01 sys=0.00, real=0.01 secs]
2019-10-29T08:08:30.650+0000: [CMS-concurrent-reset-start]
2019-10-29T08:08:30.681+0000: [CMS-concurrent-reset: 0.032/0.032 secs] [Times: user=0.14 sys=0.01, real=0.03 secs]
2019-10-29T08:08:31.257+0000: [GC (Allocation Failure) 2019-10-29T08:08:31.257+0000: [ParNew: 4718592K->25468K(4718592K), 0.2998753 secs] 5076319K->703920K(5407296K), 0.3000598 secs] [Times: user=2.69 sys=0.25, real=0.30 secs]
2019-10-29T08:08:31.557+0000: [GC (CMS Initial Mark) [1 CMS-initial-mark: 678452K(688704K)] 735473K(5407296K), 0.0030157 secs] [Times: user=0.01 sys=0.00, real=0.01 secs]
2019-10-29T08:08:31.567+0000: [CMS-concurrent-mark-start]
2019-10-29T08:08:31.602+0000: [CMS-concurrent-mark: 0.036/0.036 secs] [Times: user=0.25 sys=0.03, real=0.03 secs]
2019-10-29T08:08:31.603+0000: [CMS-concurrent-preclean-start]
2019-10-29T08:08:31.606+0000: [CMS-concurrent-preclean: 0.003/0.004 secs] [Times: user=0.04 sys=0.00, real=0.01 secs]
2019-10-29T08:08:31.606+0000: [CMS-concurrent-abortable-preclean-start]
2019-10-29T08:08:33.804+0000: [CMS-concurrent-abortable-preclean: 1.169/2.198 secs] [Times: user=8.85 sys=0.49, real=2.19 secs]
2019-10-29T08:08:33.805+0000: [GC (CMS Final Remark) [YG occupancy: 2339798 K (4718592 K)]2019-10-29T08:08:33.805+0000: [Rescan (parallel) , 0.0488460 secs]2019-10-29T08:08:33.854+0000: [weak refs processing, 0.0007619 secs]2019-10-29T08:08:33.855+0000: [class unloading, 0.0179111 secs]2019-10-29T08:08:33.873+0000: [scrub symbol table, 0.0146188 secs]2019-10-29T08:08:33.887+0000: [scrub string table, 0.0009522 secs][1 CMS-remark: 678452K(688704K)] 3018250K(5407296K), 0.0835790 secs] [Times: user=0.75 sys=0.02, real=0.09 secs]
2019-10-29T08:08:33.889+0000: [CMS-concurrent-sweep-start]
2019-10-29T08:08:33.919+0000: [CMS-concurrent-sweep: 0.030/0.030 secs] [Times: user=0.31 sys=0.00, real=0.03 secs]
2019-10-29T08:08:33.920+0000: [CMS-concurrent-reset-start]
2019-10-29T08:08:33.937+0000: [CMS-concurrent-reset: 0.016/0.016 secs] [Times: user=0.15 sys=0.00, real=0.01 secs]
2019-10-29T08:08:34.687+0000: [GC (Allocation Failure) 2019-10-29T08:08:34.687+0000: [ParNew: 4219772K->82907K(4718592K), 0.0459460 secs] 4886382K->749517K(5829612K), 0.0460347 secs] [Times: user=0.47 sys=0.02, real=0.04 secs]
2019-10-29T08:08:34.733+0000: [GC (CMS Initial Mark) [1 CMS-initial-mark: 666610K(1111020K)] 823229K(5829612K), 0.0022880 secs] [Times: user=0.01 sys=0.00, real=0.00 secs]
2019-10-29T08:08:34.736+0000: [CMS-concurrent-mark-start]
2019-10-29T08:08:34.753+0000: [CMS-concurrent-mark: 0.017/0.017 secs] [Times: user=0.17 sys=0.03, real=0.02 secs]
2019-10-29T08:08:34.753+0000: [CMS-concurrent-preclean-start]
2019-10-29T08:08:34.757+0000: [CMS-concurrent-preclean: 0.004/0.004 secs] [Times: user=0.02 sys=0.00, real=0.00 secs]
2019-10-29T08:08:34.757+0000: [CMS-concurrent-abortable-preclean-start]
2019-10-29T08:08:35.442+0000: [CMS-concurrent-abortable-preclean: 0.583/0.685 secs] [Times: user=3.45 sys=0.50, real=0.69 secs]
2019-10-29T08:08:35.442+0000: [GC (CMS Final Remark) [YG occupancy: 2235382 K (4718592 K)]2019-10-29T08:08:35.442+0000: [Rescan (parallel) , 0.0258505 secs]2019-10-29T08:08:35.468+0000: [weak refs processing, 0.0000506 secs]2019-10-29T08:08:35.468+0000: [class unloading, 0.0214769 secs]2019-10-29T08:08:35.490+0000: [scrub symbol table, 0.0123817 secs]2019-10-29T08:08:35.502+0000: [scrub string table, 0.0009835 secs][1 CMS-remark: 666610K(1111020K)] 2901992K(5829612K), 0.0612417 secs] [Times: user=0.54 sys=0.01, real=0.06 secs]
2019-10-29T08:08:35.504+0000: [CMS-concurrent-sweep-start]
2019-10-29T08:08:35.527+0000: [CMS-concurrent-sweep: 0.022/0.023 secs] [Times: user=0.16 sys=0.01, real=0.03 secs]
2019-10-29T08:08:35.527+0000: [CMS-concurrent-reset-start]
2019-10-29T08:08:35.561+0000: [CMS-concurrent-reset: 0.034/0.034 secs] [Times: user=0.27 sys=0.01, real=0.03 secs]
2019-10-29T08:08:36.051+0000: [GC (Allocation Failure) 2019-10-29T08:08:36.051+0000: [ParNew: 4277211K->19578K(4718592K), 0.0553686 secs] 4941248K->683615K(5829612K), 0.0554631 secs] [Times: user=0.45 sys=0.02, real=0.06 secs]
2019-10-29T08:09:03.008+0000: [GC (Allocation Failure) 2019-10-29T08:09:03.008+0000: [ParNew: 4213882K->81756K(4718592K), 0.0553272 secs] 4877919K->745793K(5829612K), 0.0554708 secs] [Times: user=0.35 sys=0.02, real=0.05 secs]
2019-10-29T08:09:03.993+0000: [GC (Allocation Failure) 2019-10-29T08:09:03.993+0000: [ParNew: 4276060K->13305K(4718592K), 0.0787450 secs] 4940097K->677342K(5829612K), 0.0788702 secs] [Times: user=0.59 sys=0.03, real=0.08 secs]
2019-10-29T08:09:06.427+0000: [GC (Allocation Failure) 2019-10-29T08:09:06.427+0000: [ParNew: 4207609K->21173K(4718592K), 0.0765059 secs] 4871646K->685211K(5829612K), 0.0766605 secs] [Times: user=0.65 sys=0.05, real=0.07 secs]
2019-10-29T08:09:07.909+0000: [GC (Allocation Failure) 2019-10-29T08:09:07.909+0000: [ParNew: 4215477K->21871K(4718592K), 0.0419359 secs] 4879515K->686037K(5829612K), 0.0420507 secs] [Times: user=0.49 sys=0.02, real=0.04 secs]
2019-10-29T08:09:37.033+0000: [GC (Allocation Failure) 2019-10-29T08:09:37.033+0000: [ParNew: 4216175K->77293K(4718592K), 0.0345614 secs] 4880341K->744236K(5829612K), 0.0346600 secs] [Times: user=0.69 sys=0.01, real=0.04 secs]
2019-10-29T08:09:42.033+0000: [GC (Allocation Failure) 2019-10-29T08:09:42.033+0000: [ParNew: 4271597K->104913K(4718592K), 0.0380014 secs] 4938540K->771934K(5829612K), 0.0381756 secs] [Times: user=0.77 sys=0.03, real=0.04 secs]
2019-10-29T08:09:46.730+0000: [GC (Allocation Failure) 2019-10-29T08:09:46.731+0000: [ParNew: 4299217K->75739K(4718592K), 0.0202215 secs] 4966238K->744268K(5829612K), 0.0203790 secs] [Times: user=0.36 sys=0.00, real=0.02 secs]
2019-10-29T08:09:51.280+0000: [GC (Allocation Failure) 2019-10-29T08:09:51.280+0000: [ParNew: 4270043K->132136K(4718592K), 0.0459316 secs] 4938572K->800692K(5829612K), 0.0460282 secs] [Times: user=0.98 sys=0.01, real=0.05 secs]
2019-10-29T08:09:55.709+0000: [GC (Allocation Failure) 2019-10-29T08:09:55.709+0000: [ParNew: 4326440K->170894K(4718592K), 0.0449726 secs] 4994996K->846099K(5829612K), 0.0450738 secs] [Times: user=0.97 sys=0.02, real=0.04 secs]
2019-10-29T08:10:00.724+0000: [GC (Allocation Failure) 2019-10-29T08:10:00.724+0000: [ParNew: 4365198K->139712K(4718592K), 0.0497034 secs] 5040403K->814954K(5829612K), 0.0498019 secs] [Times: user=1.08 sys=0.01, real=0.05 secs]
2019-10-29T08:10:10.728+0000: [GC (GCLocker Initiated GC) 2019-10-29T08:10:10.728+0000: [ParNew: 4334048K->187790K(4718592K), 0.0515531 secs] 5009290K->864849K(5829612K), 0.0516287 secs] [Times: user=1.08 sys=0.01, real=0.05 secs]
2019-10-29T08:10:19.676+0000: [GC (Allocation Failure) 2019-10-29T08:10:19.676+0000: [ParNew: 4382094K->124892K(4718592K), 0.0365746 secs] 5059153K->801967K(5829612K), 0.0366888 secs] [Times: user=0.63 sys=0.01, real=0.04 secs]
2019-10-29T08:10:26.999+0000: [GC (Allocation Failure) 2019-10-29T08:10:26.999+0000: [ParNew: 4319196K->112160K(4718592K), 0.0404381 secs] 4996271K->789294K(5829612K), 0.0405164 secs] [Times: user=0.70 sys=0.01, real=0.04 secs]
2019-10-29T08:10:30.222+0000: [GC (Allocation Failure) 2019-10-29T08:10:30.222+0000: [ParNew: 4306464K->84267K(4718592K), 0.0423543 secs] 4983598K->761417K(5829612K), 0.0424559 secs] [Times: user=0.67 sys=0.01, real=0.04 secs]
2019-10-29T08:10:33.769+0000: [GC (Allocation Failure) 2019-10-29T08:10:33.769+0000: [ParNew: 4278571K->150682K(4718592K), 0.0477168 secs] 4955721K->827853K(5829612K), 0.0477993 secs] [Times: user=0.87 sys=0.00, real=0.04 secs]
2019-10-29T08:10:38.022+0000: [GC (Allocation Failure) 2019-10-29T08:10:38.022+0000: [ParNew: 4344986K->85696K(4718592K), 0.0283711 secs] 5022157K->762884K(5829612K), 0.0284683 secs] [Times: user=0.34 sys=0.01, real=0.03 secs]
2019-10-29T08:10:40.260+0000: [GC (Allocation Failure) 2019-10-29T08:10:40.260+0000: [ParNew: 4280000K->44491K(4718592K), 0.0259663 secs] 4957188K->721772K(5829612K), 0.0260658 secs] [Times: user=0.31 sys=0.01, real=0.03 secs]
2019-10-29T08:10:43.327+0000: [GC (Allocation Failure) 2019-10-29T08:10:43.327+0000: [ParNew: 4238795K->36578K(4718592K), 0.0159140 secs] 4916076K->713968K(5829612K), 0.0160509 secs] [Times: user=0.20 sys=0.01, real=0.01 secs]
2019-10-29T08:10:45.890+0000: [GC (Allocation Failure) 2019-10-29T08:10:45.890+0000: [ParNew: 4230882K->18785K(4718592K), 0.0197967 secs] 4908272K->696291K(5829612K), 0.0198864 secs] [Times: user=0.26 sys=0.01, real=0.02 secs]
2019-10-29T08:10:48.767+0000: [GC (Allocation Failure) 2019-10-29T08:10:48.767+0000: [ParNew: 4213089K->20126K(4718592K), 0.0148792 secs] 4890595K->697730K(5829612K), 0.0149576 secs] [Times: user=0.19 sys=0.00, real=0.01 secs]
2019-10-29T08:10:51.539+0000: [GC (Allocation Failure) 2019-10-29T08:10:51.539+0000: [ParNew: 4214430K->50221K(4718592K), 0.0320938 secs] 4892034K->727930K(5829612K), 0.0321990 secs] [Times: user=0.30 sys=0.00, real=0.03 secs]
2019-10-29T08:10:53.702+0000: [GC (Allocation Failure) 2019-10-29T08:10:53.702+0000: [ParNew: 4244525K->35801K(4718592K), 0.0173023 secs] 4922234K->713744K(5829612K), 0.0173955 secs] [Times: user=0.21 sys=0.01, real=0.02 secs]
2019-10-29T08:10:57.730+0000: [GC (Allocation Failure) 2019-10-29T08:10:57.730+0000: [ParNew: 4230105K->79578K(4718592K), 0.0267639 secs] 4908048K->757668K(5829612K), 0.0268471 secs] [Times: user=0.42 sys=0.01, real=0.02 secs]
2019-10-29T08:11:00.225+0000: [GC (Allocation Failure) 2019-10-29T08:11:00.225+0000: [ParNew: 4273882K->55059K(4718592K), 0.0297743 secs] 4951972K->733326K(5829612K), 0.0298592 secs] [Times: user=0.31 sys=0.01, real=0.03 secs]
2019-10-29T08:11:02.278+0000: [GC (Allocation Failure) 2019-10-29T08:11:02.278+0000: [ParNew: 4249363K->29028K(4718592K), 0.0283720 secs] 4927630K->707466K(5829612K), 0.0284642 secs] [Times: user=0.27 sys=0.03, real=0.03 secs]
2019-10-29T08:11:05.246+0000: [GC (Allocation Failure) 2019-10-29T08:11:05.246+0000: [ParNew: 4223332K->27417K(4718592K), 0.0533195 secs] 4901770K->705986K(5829612K), 0.0534089 secs] [Times: user=0.49 sys=0.01, real=0.06 secs]
2019-10-29T08:11:06.775+0000: [GC (Allocation Failure) 2019-10-29T08:11:06.775+0000: [ParNew: 4221753K->22909K(4718592K), 0.0575094 secs] 4900322K->701695K(5829612K), 0.0575964 secs] [Times: user=0.60 sys=0.04, real=0.06 secs]
2019-10-29T08:11:06.833+0000: [GC (GCLocker Initiated GC) 2019-10-29T08:11:06.833+0000: [ParNew: 22910K->24327K(4718592K), 0.0133637 secs] 701695K->703206K(5829612K), 0.0134230 secs] [Times: user=0.22 sys=0.00, real=0.02 secs]
2019-10-29T08:11:08.000+0000: [GC (GCLocker Initiated GC) 2019-10-29T08:11:08.000+0000: [ParNew: 4218663K->23246K(4718592K), 0.0468287 secs] 4897542K->703732K(5829612K), 0.0469157 secs] [Times: user=0.40 sys=0.04, real=0.05 secs]
2019-10-29T08:11:10.703+0000: [GC (Allocation Failure) 2019-10-29T08:11:10.703+0000: [ParNew: 4217550K->15137K(4718592K), 0.0606801 secs] 4898036K->698442K(5829612K), 0.0607762 secs] [Times: user=0.53 sys=0.03, real=0.06 secs]
2019-10-29T08:11:12.738+0000: [GC (Allocation Failure) 2019-10-29T08:11:12.738+0000: [ParNew: 4209441K->39154K(4718592K), 0.0240347 secs] 4892746K->722522K(5829612K), 0.0241335 secs] [Times: user=0.23 sys=0.02, real=0.02 secs]
2019-10-29T08:11:14.665+0000: [GC (Allocation Failure) 2019-10-29T08:11:14.665+0000: [ParNew: 4233458K->54699K(4718592K), 0.0243879 secs] 4916826K->738435K(5829612K), 0.0245015 secs] [Times: user=0.30 sys=0.00, real=0.03 secs]
2019-10-29T08:11:17.259+0000: [GC (GCLocker Initiated GC) 2019-10-29T08:11:17.259+0000: [ParNew: 4249035K->37415K(4718592K), 0.0359083 secs] 4932771K->721251K(5829612K), 0.0360413 secs] [Times: user=0.38 sys=0.03, real=0.03 secs]
2019-10-29T08:11:18.254+0000: [GC (Allocation Failure) 2019-10-29T08:11:18.254+0000: [ParNew: 4231719K->22229K(4718592K), 0.0787681 secs] 4915555K->706065K(5829612K), 0.0788956 secs] [Times: user=0.80 sys=0.02, real=0.08 secs]
2019-10-29T08:11:19.308+0000: [GC (GCLocker Initiated GC) 2019-10-29T08:11:19.308+0000: [ParNew: 4216597K->16544K(4718592K), 0.0513504 secs] 4900433K->700456K(5829612K), 0.0514743 secs] [Times: user=0.54 sys=0.02, real=0.05 secs]
2019-10-29T08:11:21.494+0000: [GC (Allocation Failure) 2019-10-29T08:11:21.494+0000: [ParNew: 4210848K->21789K(4718592K), 0.0650869 secs] 4894760K->705831K(5829612K), 0.0652190 secs] [Times: user=0.69 sys=0.03, real=0.07 secs]
2019-10-29T08:11:23.633+0000: [GC (Allocation Failure) 2019-10-29T08:11:23.633+0000: [ParNew: 4216093K->22199K(4718592K), 0.0516926 secs] 4900135K->706340K(5829612K), 0.0518399 secs] [Times: user=0.53 sys=0.01, real=0.05 secs]
2019-10-29T08:11:25.818+0000: [GC (Allocation Failure) 2019-10-29T08:11:25.818+0000: [ParNew: 4216503K->17315K(4718592K), 0.0566594 secs] 4900644K->701597K(5829612K), 0.0567950 secs] [Times: user=0.41 sys=0.04, real=0.05 secs]
2019-10-29T08:11:27.957+0000: [GC (Allocation Failure) 2019-10-29T08:11:27.957+0000: [ParNew: 4211619K->26956K(4718592K), 0.0290757 secs] 4895901K->711385K(5829612K), 0.0292106 secs] [Times: user=0.29 sys=0.01, real=0.04 secs]
2019-10-29T08:11:30.069+0000: [GC (Allocation Failure) 2019-10-29T08:11:30.069+0000: [ParNew: 4221260K->22230K(4718592K), 0.0325332 secs] 4905689K->706742K(5829612K), 0.0326631 secs] [Times: user=0.33 sys=0.01, real=0.03 secs]
2019-10-29T08:11:32.531+0000: [GC (Allocation Failure) 2019-10-29T08:11:32.531+0000: [ParNew: 4216534K->19901K(4718592K), 0.0471602 secs] 4901046K->704472K(5829612K), 0.0472761 secs] [Times: user=0.47 sys=0.06, real=0.05 secs]
2019-10-29T08:11:33.598+0000: [GC (Allocation Failure) 2019-10-29T08:11:33.598+0000: [ParNew: 4214205K->17154K(4718592K), 0.0648155 secs] 4898776K->702061K(5829612K), 0.0649867 secs] [Times: user=0.64 sys=0.04, real=0.06 secs]
2019-10-29T08:11:34.709+0000: [GC (Allocation Failure) 2019-10-29T08:11:34.709+0000: [ParNew: 4211458K->19004K(4718592K), 0.0725746 secs] 4896365K->704143K(5829612K), 0.0727071 secs] [Times: user=0.79 sys=0.02, real=0.07 secs]
2019-10-29T08:11:40.775+0000: [GC (Allocation Failure) 2019-10-29T08:11:40.775+0000: [ParNew: 4213308K->43520K(4718592K), 0.0219252 secs] 4898447K->728810K(5829612K), 0.0220711 secs] [Times: user=0.27 sys=0.00, real=0.02 secs]
2019-10-29T08:11:42.874+0000: [GC (Allocation Failure) 2019-10-29T08:11:42.874+0000: [ParNew: 4237824K->63379K(4718592K), 0.0309089 secs] 4923114K->748739K(5829612K), 0.0310490 secs] [Times: user=0.34 sys=0.01, real=0.03 secs]
2019-10-29T08:11:44.811+0000: [GC (Allocation Failure) 2019-10-29T08:11:44.811+0000: [ParNew: 4257683K->56216K(4718592K), 0.0194627 secs] 4943043K->741637K(5829612K), 0.0195769 secs] [Times: user=0.26 sys=0.00, real=0.02 secs]
2019-10-29T08:11:47.035+0000: [GC (Allocation Failure) 2019-10-29T08:11:47.035+0000: [ParNew: 4250520K->40154K(4718592K), 0.0481274 secs] 4935941K->725642K(5829612K), 0.0482566 secs] [Times: user=0.50 sys=0.03, real=0.05 secs]
2019-10-29T08:11:48.195+0000: [GC (Allocation Failure) 2019-10-29T08:11:48.195+0000: [ParNew: 4234458K->22682K(4718592K), 0.0622195 secs] 4919946K->708258K(5829612K), 0.0623377 secs] [Times: user=0.57 sys=0.06, real=0.06 secs]
2019-10-29T08:11:50.450+0000: [GC (Allocation Failure) 2019-10-29T08:11:50.450+0000: [ParNew: 4216986K->20855K(4718592K), 0.0501800 secs] 4902562K->706500K(5829612K), 0.0503025 secs] [Times: user=0.49 sys=0.03, real=0.05 secs]
2019-10-29T08:11:52.205+0000: [GC (Allocation Failure) 2019-10-29T08:11:52.205+0000: [ParNew: 4215159K->492500K(4718592K), 0.1595800 secs] 4900804K->1374828K(5829612K), 0.1597263 secs] [Times: user=1.50 sys=0.35, real=0.16 secs]
2019-10-29T08:11:52.365+0000: [GC (CMS Initial Mark) [1 CMS-initial-mark: 882328K(1111020K)] 1429040K(5829612K), 0.0030159 secs] [Times: user=0.03 sys=0.00, real=0.01 secs]
2019-10-29T08:11:52.368+0000: [CMS-concurrent-mark-start]
2019-10-29T08:11:52.383+0000: [CMS-concurrent-mark: 0.015/0.015 secs] [Times: user=0.15 sys=0.01, real=0.01 secs]
2019-10-29T08:11:52.383+0000: [CMS-concurrent-preclean-start]
2019-10-29T08:11:52.386+0000: [CMS-concurrent-preclean: 0.003/0.003 secs] [Times: user=0.02 sys=0.00, real=0.01 secs]
2019-10-29T08:11:52.386+0000: [CMS-concurrent-abortable-preclean-start]
2019-10-29T08:11:53.472+0000: [CMS-concurrent-abortable-preclean: 0.882/1.086 secs] [Times: user=3.91 sys=0.75, real=1.08 secs]
2019-10-29T08:11:53.472+0000: [GC (CMS Final Remark) [YG occupancy: 3268744 K (4718592 K)]2019-10-29T08:11:53.472+0000: [Rescan (parallel) , 0.0759143 secs]2019-10-29T08:11:53.548+0000: [weak refs processing, 0.0001733 secs]2019-10-29T08:11:53.548+0000: [class unloading, 0.0334727 secs]2019-10-29T08:11:53.582+0000: [scrub symbol table, 0.0182368 secs]2019-10-29T08:11:53.600+0000: [scrub string table, 0.0011114 secs][1 CMS-remark: 882328K(1111020K)] 4151073K(5829612K), 0.1292377 secs] [Times: user=1.47 sys=0.01, real=0.13 secs]
2019-10-29T08:11:53.602+0000: [CMS-concurrent-sweep-start]
2019-10-29T08:11:53.618+0000: [CMS-concurrent-sweep: 0.016/0.016 secs] [Times: user=0.05 sys=0.01, real=0.02 secs]
2019-10-29T08:11:53.619+0000: [CMS-concurrent-reset-start]
2019-10-29T08:11:53.634+0000: [CMS-concurrent-reset: 0.016/0.016 secs] [Times: user=0.06 sys=0.00, real=0.01 secs]
2019-10-29T08:11:54.110+0000: [GC (Allocation Failure) 2019-10-29T08:11:54.110+0000: [ParNew: 4686804K->22607K(4718592K), 0.0527030 secs] 5554740K->901369K(6165156K), 0.0528286 secs] [Times: user=0.25 sys=0.01, real=0.05 secs]
2019-10-29T08:11:55.767+0000: [GC (Allocation Failure) 2019-10-29T08:11:55.767+0000: [ParNew: 4216911K->20124K(4718592K), 0.0392099 secs] 5095673K->898886K(6165156K), 0.0393259 secs] [Times: user=0.45 sys=0.00, real=0.04 secs]
2019-10-29T08:11:57.377+0000: [GC (Allocation Failure) 2019-10-29T08:11:57.377+0000: [ParNew: 4214428K->19011K(4718592K), 0.0425745 secs] 5093190K->897773K(6165156K), 0.0426977 secs] [Times: user=0.46 sys=0.03, real=0.05 secs]
2019-10-29T08:11:59.991+0000: [GC (Allocation Failure) 2019-10-29T08:11:59.991+0000: [ParNew: 4213315K->27434K(4718592K), 0.0663700 secs] 5092077K->906196K(6165156K), 0.0664822 secs] [Times: user=0.48 sys=0.03, real=0.07 secs]
2019-10-29T08:12:00.971+0000: [GC (Allocation Failure) 2019-10-29T08:12:00.971+0000: [ParNew: 4221738K->24139K(4718592K), 0.0786040 secs] 5100500K->902901K(6165156K), 0.0787445 secs] [Times: user=0.81 sys=0.06, real=0.08 secs]
2019-10-29T08:12:02.043+0000: [GC (Allocation Failure) 2019-10-29T08:12:02.043+0000: [ParNew: 4218443K->25554K(4718592K), 0.0542839 secs] 5097205K->904316K(6165156K), 0.0544054 secs] [Times: user=0.57 sys=0.02, real=0.05 secs]
2019-10-29T08:12:03.109+0000: [GC (Allocation Failure) 2019-10-29T08:12:03.109+0000: [ParNew: 4219858K->25515K(4718592K), 0.0477304 secs] 5098620K->904280K(6165156K), 0.0479102 secs] [Times: user=0.46 sys=0.02, real=0.04 secs]
2019-10-29T08:12:04.354+0000: [GC (Allocation Failure) 2019-10-29T08:12:04.354+0000: [ParNew: 4219819K->24256K(4718592K), 0.0791212 secs] 5098584K->903023K(6165156K), 0.0793032 secs] [Times: user=0.86 sys=0.05, real=0.08 secs]
2019-10-29T08:12:05.518+0000: [GC (Allocation Failure) 2019-10-29T08:12:05.518+0000: [ParNew: 4218560K->25914K(4718592K), 0.0597686 secs] 5097327K->904685K(6165156K), 0.0598846 secs] [Times: user=0.64 sys=0.03, real=0.06 secs]
2019-10-29T08:12:06.580+0000: [GC (Allocation Failure) 2019-10-29T08:12:06.580+0000: [ParNew: 4220218K->17425K(4718592K), 0.0548404 secs] 5098989K->904342K(6165156K), 0.0549550 secs] [Times: user=0.61 sys=0.03, real=0.05 secs]
2019-10-29T08:12:08.936+0000: [GC (Allocation Failure) 2019-10-29T08:12:08.936+0000: [ParNew: 4211729K->30216K(4718592K), 0.0577206 secs] 5098646K->917137K(6165156K), 0.0578628 secs] [Times: user=0.53 sys=0.01, real=0.06 secs]
2019-10-29T08:12:11.710+0000: [GC (Allocation Failure) 2019-10-29T08:12:11.710+0000: [ParNew: 4224520K->524288K(4718592K), 7.6474748 secs] 5111441K->2766160K(6966756K), 7.6476106 secs] [Times: user=35.62 sys=3.32, real=7.65 secs]
2019-10-29T08:12:19.358+0000: [GC (CMS Initial Mark) [1 CMS-initial-mark: 2241872K(2248164K)] 2793162K(6966756K), 0.2869846 secs] [Times: user=0.86 sys=0.01, real=0.28 secs]
2019-10-29T08:12:19.645+0000: [CMS-concurrent-mark-start]
2019-10-29T08:12:20.249+0000: [CMS-concurrent-mark: 0.601/0.604 secs] [Times: user=5.41 sys=0.01, real=0.61 secs]
2019-10-29T08:12:20.249+0000: [CMS-concurrent-preclean-start]
2019-10-29T08:12:20.255+0000: [CMS-concurrent-preclean: 0.006/0.006 secs] [Times: user=0.03 sys=0.00, real=0.00 secs]
2019-10-29T08:12:20.255+0000: [CMS-concurrent-abortable-preclean-start]
 CMS: abort preclean due to time 2019-10-29T08:12:28.486+0000: [CMS-concurrent-abortable-preclean: 8.129/8.231 secs] [Times: user=32.67 sys=0.26, real=8.24 secs]
2019-10-29T08:12:28.486+0000: [GC (CMS Final Remark) [YG occupancy: 1819372 K (4718592 K)]2019-10-29T08:12:28.486+0000: [Rescan (parallel) , 0.3955770 secs]2019-10-29T08:12:28.882+0000: [weak refs processing, 0.0000992 secs]2019-10-29T08:12:28.882+0000: [class unloading, 0.0174206 secs]2019-10-29T08:12:28.900+0000: [scrub symbol table, 0.0112641 secs]2019-10-29T08:12:28.911+0000: [scrub string table, 0.0007563 secs][1 CMS-remark: 2241872K(2248164K)] 4061245K(6966756K), 0.4252599 secs] [Times: user=8.96 sys=0.00, real=0.42 secs]
2019-10-29T08:12:28.912+0000: [CMS-concurrent-sweep-start]
2019-10-29T08:12:29.486+0000: [CMS-concurrent-sweep: 0.574/0.574 secs] [Times: user=2.01 sys=0.29, real=0.58 secs]
2019-10-29T08:12:29.489+0000: [CMS-concurrent-reset-start]
2019-10-29T08:12:29.505+0000: [CMS-concurrent-reset: 0.016/0.016 secs] [Times: user=0.05 sys=0.01, real=0.01 secs]
2019-10-29T08:12:31.504+0000: [GC (CMS Initial Mark) [1 CMS-initial-mark: 2233507K(3722516K)] 4079883K(8441108K), 0.4506218 secs] [Times: user=3.07 sys=0.00, real=0.45 secs]
2019-10-29T08:12:31.955+0000: [CMS-concurrent-mark-start]
2019-10-29T08:12:32.469+0000: [CMS-concurrent-mark: 0.514/0.514 secs] [Times: user=4.23 sys=0.40, real=0.52 secs]
2019-10-29T08:12:32.469+0000: [CMS-concurrent-preclean-start]
2019-10-29T08:12:32.475+0000: [CMS-concurrent-preclean: 0.006/0.006 secs] [Times: user=0.02 sys=0.01, real=0.00 secs]
2019-10-29T08:12:32.475+0000: [CMS-concurrent-abortable-preclean-start]
 CMS: abort preclean due to time 2019-10-29T08:12:40.706+0000: [CMS-concurrent-abortable-preclean: 8.130/8.231 secs] [Times: user=25.12 sys=7.71, real=8.24 secs]
2019-10-29T08:12:40.706+0000: [GC (CMS Final Remark) [YG occupancy: 2506876 K (4718592 K)]2019-10-29T08:12:40.706+0000: [Rescan (parallel) , 0.3674732 secs]2019-10-29T08:12:41.074+0000: [weak refs processing, 0.0000638 secs]2019-10-29T08:12:41.074+0000: [class unloading, 0.0243524 secs]2019-10-29T08:12:41.098+0000: [scrub symbol table, 0.0128776 secs]2019-10-29T08:12:41.111+0000: [scrub string table, 0.0010401 secs][1 CMS-remark: 2233507K(3722516K)] 4740383K(8441108K), 0.4059661 secs] [Times: user=8.38 sys=0.00, real=0.40 secs]
2019-10-29T08:12:41.112+0000: [CMS-concurrent-sweep-start]
2019-10-29T08:12:41.788+0000: [CMS-concurrent-sweep: 0.676/0.676 secs] [Times: user=2.37 sys=0.33, real=0.68 secs]
2019-10-29T08:12:41.788+0000: [CMS-concurrent-reset-start]
2019-10-29T08:12:41.803+0000: [CMS-concurrent-reset: 0.015/0.015 secs] [Times: user=0.05 sys=0.01, real=0.01 secs]
2019-10-29T08:12:43.803+0000: [GC (CMS Initial Mark) [1 CMS-initial-mark: 2233164K(3722516K)] 5964481K(8441108K), 0.4482769 secs] [Times: user=5.12 sys=0.00, real=0.45 secs]
2019-10-29T08:12:44.251+0000: [CMS-concurrent-mark-start]
2019-10-29T08:12:44.826+0000: [CMS-concurrent-mark: 0.575/0.575 secs] [Times: user=4.98 sys=0.29, real=0.58 secs]
2019-10-29T08:12:44.826+0000: [CMS-concurrent-preclean-start]
2019-10-29T08:12:44.834+0000: [CMS-concurrent-preclean: 0.007/0.008 secs] [Times: user=0.02 sys=0.00, real=0.00 secs]
2019-10-29T08:12:44.834+0000: [CMS-concurrent-abortable-preclean-start]
2019-10-29T08:12:45.667+0000: [GC (Allocation Failure) 2019-10-29T08:12:45.667+0000: [ParNew: 4718592K->524288K(4718592K), 1.2164149 secs] 6951756K->3538024K(8441108K), 1.2164916 secs] [Times: user=22.36 sys=0.55, real=1.21 secs]
 CMS: abort preclean due to time 2019-10-29T08:12:50.195+0000: [CMS-concurrent-abortable-preclean: 3.476/5.361 secs] [Times: user=37.31 sys=2.19, real=5.36 secs]
2019-10-29T08:12:50.196+0000: [GC (CMS Final Remark) [YG occupancy: 2305252 K (4718592 K)]2019-10-29T08:12:50.196+0000: [Rescan (parallel) , 0.4033227 secs]2019-10-29T08:12:50.599+0000: [weak refs processing, 0.0000559 secs]2019-10-29T08:12:50.599+0000: [class unloading, 0.0175013 secs]2019-10-29T08:12:50.617+0000: [scrub symbol table, 0.0109759 secs]2019-10-29T08:12:50.628+0000: [scrub string table, 0.0007535 secs][1 CMS-remark: 3013736K(3722516K)] 5318988K(8441108K), 0.4327405 secs] [Times: user=9.13 sys=0.00, real=0.44 secs]
2019-10-29T08:12:50.629+0000: [CMS-concurrent-sweep-start]
2019-10-29T08:12:51.668+0000: [CMS-concurrent-sweep: 1.039/1.039 secs] [Times: user=3.88 sys=0.27, real=1.04 secs]
2019-10-29T08:12:51.671+0000: [CMS-concurrent-reset-start]
2019-10-29T08:12:51.687+0000: [CMS-concurrent-reset: 0.016/0.016 secs] [Times: user=0.06 sys=0.01, real=0.02 secs]
2019-10-29T08:12:53.686+0000: [GC (CMS Initial Mark) [1 CMS-initial-mark: 3013708K(5022848K)] 6708544K(9741440K), 0.4583855 secs] [Times: user=4.74 sys=0.01, real=0.45 secs]
2019-10-29T08:12:54.145+0000: [CMS-concurrent-mark-start]
2019-10-29T08:12:54.683+0000: [CMS-concurrent-mark: 0.538/0.538 secs] [Times: user=4.75 sys=0.00, real=0.54 secs]
2019-10-29T08:12:54.683+0000: [CMS-concurrent-preclean-start]
2019-10-29T08:12:54.694+0000: [CMS-concurrent-preclean: 0.009/0.010 secs] [Times: user=0.04 sys=0.00, real=0.01 secs]
2019-10-29T08:12:54.694+0000: [CMS-concurrent-abortable-preclean-start]
2019-10-29T08:12:57.120+0000: [GC (Allocation Failure) 2019-10-29T08:12:57.121+0000: [ParNew: 4718592K->524288K(4718592K), 2.3730248 secs] 7732300K->5417589K(9741440K), 2.3731385 secs] [Times: user=40.59 sys=0.82, real=2.37 secs]
 CMS: abort preclean due to time 2019-10-29T08:13:02.968+0000: [CMS-concurrent-abortable-preclean: 5.716/8.274 secs] [Times: user=63.40 sys=1.64, real=8.28 secs]
2019-10-29T08:13:02.968+0000: [GC (CMS Final Remark) [YG occupancy: 1087348 K (4718592 K)]2019-10-29T08:13:02.968+0000: [Rescan (parallel) , 0.3025739 secs]2019-10-29T08:13:03.271+0000: [weak refs processing, 0.0000505 secs]2019-10-29T08:13:03.271+0000: [class unloading, 0.0179374 secs]2019-10-29T08:13:03.289+0000: [scrub symbol table, 0.0111843 secs]2019-10-29T08:13:03.300+0000: [scrub string table, 0.0007794 secs][1 CMS-remark: 4893301K(5022848K)] 5980650K(9741440K), 0.3326719 secs] [Times: user=6.82 sys=0.01, real=0.33 secs]
2019-10-29T08:13:03.301+0000: [CMS-concurrent-sweep-start]
2019-10-29T08:13:05.607+0000: [CMS-concurrent-sweep: 2.305/2.306 secs] [Times: user=8.60 sys=0.63, real=2.31 secs]
2019-10-29T08:13:05.609+0000: [CMS-concurrent-reset-start]
2019-10-29T08:13:05.624+0000: [CMS-concurrent-reset: 0.015/0.015 secs] [Times: user=0.06 sys=0.00, real=0.01 secs]
2019-10-29T08:13:07.624+0000: [GC (CMS Initial Mark) [1 CMS-initial-mark: 3480551K(5800920K)] 4707930K(10519512K), 0.2707638 secs] [Times: user=2.33 sys=0.00, real=0.27 secs]
2019-10-29T08:13:07.895+0000: [CMS-concurrent-mark-start]
2019-10-29T08:13:09.641+0000: [CMS-concurrent-mark: 1.747/1.747 secs] [Times: user=14.09 sys=1.22, real=1.75 secs]
2019-10-29T08:13:09.641+0000: [CMS-concurrent-preclean-start]
2019-10-29T08:13:09.651+0000: [CMS-concurrent-preclean: 0.010/0.010 secs] [Times: user=0.03 sys=0.02, real=0.01 secs]
2019-10-29T08:13:09.651+0000: [CMS-concurrent-abortable-preclean-start]
 CMS: abort preclean due to time 2019-10-29T08:13:17.528+0000: [CMS-concurrent-abortable-preclean: 7.776/7.876 secs] [Times: user=25.52 sys=5.90, real=7.88 secs]
2019-10-29T08:13:17.528+0000: [GC (CMS Final Remark) [YG occupancy: 1468159 K (4718592 K)]2019-10-29T08:13:17.528+0000: [Rescan (parallel) , 0.3489465 secs]2019-10-29T08:13:17.877+0000: [weak refs processing, 0.0000504 secs]2019-10-29T08:13:17.877+0000: [class unloading, 0.0172306 secs]2019-10-29T08:13:17.894+0000: [scrub symbol table, 0.0109150 secs]2019-10-29T08:13:17.905+0000: [scrub string table, 0.0007591 secs][1 CMS-remark: 3480551K(5800920K)] 4948710K(10519512K), 0.3780304 secs] [Times: user=7.93 sys=0.00, real=0.38 secs]
2019-10-29T08:13:17.906+0000: [CMS-concurrent-sweep-start]
2019-10-29T08:13:22.454+0000: [CMS-concurrent-sweep: 4.547/4.547 secs] [Times: user=15.03 sys=3.26, real=4.54 secs]
2019-10-29T08:13:22.454+0000: [CMS-concurrent-reset-start]
2019-10-29T08:13:22.469+0000: [CMS-concurrent-reset: 0.015/0.015 secs] [Times: user=0.06 sys=0.00, real=0.02 secs]
2019-10-29T08:13:24.468+0000: [GC (CMS Initial Mark) [1 CMS-initial-mark: 2648659K(5800920K)] 5832221K(10519512K), 0.5185292 secs] [Times: user=5.19 sys=0.00, real=0.52 secs]
2019-10-29T08:13:24.987+0000: [CMS-concurrent-mark-start]
2019-10-29T08:13:26.111+0000: [CMS-concurrent-mark: 1.124/1.124 secs] [Times: user=9.51 sys=0.54, real=1.12 secs]
2019-10-29T08:13:26.111+0000: [CMS-concurrent-preclean-start]
2019-10-29T08:13:26.123+0000: [CMS-concurrent-preclean: 0.011/0.012 secs] [Times: user=0.03 sys=0.01, real=0.01 secs]
2019-10-29T08:13:26.123+0000: [CMS-concurrent-abortable-preclean-start]
2019-10-29T08:13:30.049+0000: [GC (Allocation Failure) 2019-10-29T08:13:30.049+0000: [ParNew: 4718592K->524288K(4718592K), 2.1650599 secs] 7367251K->4486743K(10519512K), 2.1651338 secs] [Times: user=29.85 sys=0.02, real=2.16 secs]
 CMS: abort preclean due to time 2019-10-29T08:13:37.146+0000: [CMS-concurrent-abortable-preclean: 8.059/11.024 secs] [Times: user=60.58 sys=4.94, real=11.03 secs]
2019-10-29T08:13:37.147+0000: [GC (CMS Final Remark) [YG occupancy: 1489853 K (4718592 K)]2019-10-29T08:13:37.147+0000: [Rescan (parallel) , 0.3082145 secs]2019-10-29T08:13:37.455+0000: [weak refs processing, 0.0000430 secs]2019-10-29T08:13:37.455+0000: [class unloading, 0.0181675 secs]2019-10-29T08:13:37.473+0000: [scrub symbol table, 0.0127433 secs]2019-10-29T08:13:37.486+0000: [scrub string table, 0.0007681 secs][1 CMS-remark: 3962455K(5800920K)] 5452309K(10519512K), 0.3401122 secs] [Times: user=6.97 sys=0.00, real=0.34 secs]
2019-10-29T08:13:37.487+0000: [CMS-concurrent-sweep-start]
2019-10-29T08:13:39.810+0000: [CMS-concurrent-sweep: 2.323/2.323 secs] [Times: user=8.65 sys=0.53, real=2.32 secs]
2019-10-29T08:13:39.812+0000: [CMS-concurrent-reset-start]
2019-10-29T08:13:39.829+0000: [CMS-concurrent-reset: 0.017/0.017 secs] [Times: user=0.06 sys=0.00, real=0.02 secs]
2019-10-29T08:13:41.828+0000: [GC (CMS Initial Mark) [1 CMS-initial-mark: 3962389K(6603984K)] 6957085K(11322576K), 0.2890660 secs] [Times: user=3.65 sys=0.00, real=0.28 secs]
2019-10-29T08:13:42.118+0000: [CMS-concurrent-mark-start]
2019-10-29T08:13:44.108+0000: [CMS-concurrent-mark: 1.989/1.990 secs] [Times: user=15.83 sys=1.10, real=1.99 secs]
2019-10-29T08:13:44.108+0000: [CMS-concurrent-preclean-start]
2019-10-29T08:13:44.117+0000: [CMS-concurrent-preclean: 0.009/0.009 secs] [Times: user=0.03 sys=0.00, real=0.00 secs]
2019-10-29T08:13:44.117+0000: [CMS-concurrent-abortable-preclean-start]
2019-10-29T08:13:47.710+0000: [GC (Allocation Failure) 2019-10-29T08:13:47.710+0000: [ParNew: 4718592K->524288K(4718592K), 1.8271939 secs] 8680981K->5628334K(11322576K), 1.8272647 secs] [Times: user=28.66 sys=0.32, real=1.82 secs]
 CMS: abort preclean due to time 2019-10-29T08:13:53.128+0000: [CMS-concurrent-abortable-preclean: 6.520/9.012 secs] [Times: user=53.90 sys=3.94, real=9.02 secs]
2019-10-29T08:13:53.129+0000: [GC (CMS Final Remark) [YG occupancy: 817250 K (4718592 K)]2019-10-29T08:13:53.129+0000: [Rescan (parallel) , 0.4030689 secs]2019-10-29T08:13:53.532+0000: [weak refs processing, 0.0000420 secs]2019-10-29T08:13:53.532+0000: [class unloading, 0.0172903 secs]2019-10-29T08:13:53.549+0000: [scrub symbol table, 0.0110680 secs]2019-10-29T08:13:53.560+0000: [scrub string table, 0.0007546 secs][1 CMS-remark: 5104046K(6603984K)] 5921297K(11322576K), 0.4323452 secs] [Times: user=9.11 sys=0.01, real=0.43 secs]
2019-10-29T08:13:53.561+0000: [CMS-concurrent-sweep-start]
2019-10-29T08:13:57.235+0000: [CMS-concurrent-sweep: 3.674/3.674 secs] [Times: user=12.50 sys=2.20, real=3.67 secs]
2019-10-29T08:13:57.235+0000: [CMS-concurrent-reset-start]
2019-10-29T08:13:57.252+0000: [CMS-concurrent-reset: 0.017/0.017 secs] [Times: user=0.05 sys=0.01, real=0.02 secs]
2019-10-29T08:13:59.251+0000: [GC (CMS Initial Mark) [1 CMS-initial-mark: 3268297K(6603984K)] 4232521K(11322576K), 0.3590149 secs] [Times: user=2.08 sys=0.00, real=0.36 secs]
2019-10-29T08:13:59.610+0000: [CMS-concurrent-mark-start]
2019-10-29T08:14:00.314+0000: [CMS-concurrent-mark: 0.703/0.703 secs] [Times: user=5.81 sys=0.51, real=0.70 secs]
2019-10-29T08:14:00.314+0000: [CMS-concurrent-preclean-start]
2019-10-29T08:14:00.322+0000: [CMS-concurrent-preclean: 0.009/0.009 secs] [Times: user=0.03 sys=0.01, real=0.01 secs]
2019-10-29T08:14:00.322+0000: [CMS-concurrent-abortable-preclean-start]
 CMS: abort preclean due to time 2019-10-29T08:14:07.984+0000: [CMS-concurrent-abortable-preclean: 7.659/7.662 secs] [Times: user=26.71 sys=4.12, real=7.66 secs]
2019-10-29T08:14:07.984+0000: [GC (CMS Final Remark) [YG occupancy: 3988539 K (4718592 K)]2019-10-29T08:14:07.984+0000: [Rescan (parallel) , 0.4833754 secs]2019-10-29T08:14:08.468+0000: [weak refs processing, 0.0000525 secs]2019-10-29T08:14:08.468+0000: [class unloading, 0.0177881 secs]2019-10-29T08:14:08.486+0000: [scrub symbol table, 0.0115430 secs]2019-10-29T08:14:08.497+0000: [scrub string table, 0.0007833 secs][1 CMS-remark: 3268297K(6603984K)] 7256836K(11322576K), 0.5136971 secs] [Times: user=10.99 sys=0.00, real=0.52 secs]
2019-10-29T08:14:08.498+0000: [CMS-concurrent-sweep-start]
2019-10-29T08:14:10.571+0000: [GC (Allocation Failure) 2019-10-29T08:14:10.571+0000: [ParNew: 4718592K->524288K(4718592K), 1.7625092 secs] 7485491K->4380681K(11322576K), 1.7625973 secs] [Times: user=25.68 sys=0.00, real=1.76 secs]
2019-10-29T08:14:18.235+0000: [CMS-concurrent-sweep: 7.973/9.736 secs] [Times: user=55.74 sys=1.98, real=9.73 secs]
2019-10-29T08:14:18.235+0000: [CMS-concurrent-reset-start]
2019-10-29T08:14:18.251+0000: [CMS-concurrent-reset: 0.016/0.016 secs] [Times: user=0.07 sys=0.00, real=0.02 secs]
2019-10-29T08:14:20.250+0000: [GC (CMS Initial Mark) [1 CMS-initial-mark: 3143613K(6603984K)] 6039290K(11322576K), 0.4766752 secs] [Times: user=3.44 sys=0.00, real=0.48 secs]
2019-10-29T08:14:20.727+0000: [CMS-concurrent-mark-start]
2019-10-29T08:14:21.445+0000: [CMS-concurrent-mark: 0.718/0.718 secs] [Times: user=6.27 sys=0.18, real=0.71 secs]
2019-10-29T08:14:21.445+0000: [CMS-concurrent-preclean-start]
2019-10-29T08:14:21.466+0000: [CMS-concurrent-preclean: 0.019/0.021 secs] [Times: user=0.08 sys=0.01, real=0.03 secs]
2019-10-29T08:14:21.466+0000: [CMS-concurrent-abortable-preclean-start]
 CMS: abort preclean due to time 2019-10-29T08:14:29.508+0000: [CMS-concurrent-abortable-preclean: 7.940/8.042 secs] [Times: user=28.10 sys=3.93, real=8.04 secs]
2019-10-29T08:14:29.509+0000: [GC (CMS Final Remark) [YG occupancy: 4594436 K (4718592 K)]2019-10-29T08:14:29.509+0000: [Rescan (parallel) , 0.8454706 secs]2019-10-29T08:14:30.354+0000: [weak refs processing, 0.0000564 secs]2019-10-29T08:14:30.354+0000: [class unloading, 0.0175273 secs]2019-10-29T08:14:30.372+0000: [scrub symbol table, 0.0111995 secs]2019-10-29T08:14:30.383+0000: [scrub string table, 0.0007660 secs][1 CMS-remark: 3143613K(6603984K)] 7738050K(11322576K), 0.8752742 secs] [Times: user=14.97 sys=0.00, real=0.87 secs]
2019-10-29T08:14:30.384+0000: [CMS-concurrent-sweep-start]
2019-10-29T08:14:30.613+0000: [GC (Allocation Failure) 2019-10-29T08:14:30.613+0000: [ParNew: 4718592K->524288K(4718592K), 2.3190619 secs] 7739262K->4713399K(11322576K), 2.3191312 secs] [Times: user=29.80 sys=0.12, real=2.32 secs]
2019-10-29T08:14:35.861+0000: [CMS-concurrent-sweep: 3.157/5.477 secs] [Times: user=40.63 sys=1.92, real=5.48 secs]
2019-10-29T08:14:35.861+0000: [CMS-concurrent-reset-start]
2019-10-29T08:14:35.877+0000: [CMS-concurrent-reset: 0.015/0.015 secs] [Times: user=0.05 sys=0.02, real=0.01 secs]
2019-10-29T08:14:37.876+0000: [GC (CMS Initial Mark) [1 CMS-initial-mark: 3196830K(6603984K)] 4014740K(11322576K), 0.3151268 secs] [Times: user=1.56 sys=0.00, real=0.32 secs]
2019-10-29T08:14:38.191+0000: [CMS-concurrent-mark-start]
2019-10-29T08:14:39.351+0000: [CMS-concurrent-mark: 1.160/1.160 secs] [Times: user=9.49 sys=0.87, real=1.16 secs]
2019-10-29T08:14:39.352+0000: [CMS-concurrent-preclean-start]
2019-10-29T08:14:39.360+0000: [CMS-concurrent-preclean: 0.009/0.009 secs] [Times: user=0.03 sys=0.01, real=0.01 secs]
2019-10-29T08:14:39.360+0000: [CMS-concurrent-abortable-preclean-start]
 CMS: abort preclean due to time 2019-10-29T08:14:48.175+0000: [CMS-concurrent-abortable-preclean: 8.713/8.815 secs] [Times: user=29.98 sys=5.40, real=8.81 secs]
2019-10-29T08:14:48.175+0000: [GC (CMS Final Remark) [YG occupancy: 3864421 K (4718592 K)]2019-10-29T08:14:48.175+0000: [Rescan (parallel) , 0.5212638 secs]2019-10-29T08:14:48.697+0000: [weak refs processing, 0.0000792 secs]2019-10-29T08:14:48.697+0000: [class unloading, 0.0311645 secs]2019-10-29T08:14:48.728+0000: [scrub symbol table, 0.0184170 secs]2019-10-29T08:14:48.746+0000: [scrub string table, 0.0013404 secs][1 CMS-remark: 3196830K(6603984K)] 7061251K(11322576K), 0.5724686 secs] [Times: user=10.38 sys=0.02, real=0.58 secs]
2019-10-29T08:14:48.748+0000: [CMS-concurrent-sweep-start]
2019-10-29T08:14:50.048+0000: [GC (Allocation Failure) 2019-10-29T08:14:50.048+0000: [ParNew: 4718592K->524288K(4718592K), 2.2227032 secs] 7785434K->4796628K(11322576K), 2.2227916 secs] [Times: user=30.62 sys=0.00, real=2.22 secs]
2019-10-29T08:14:56.342+0000: [CMS-concurrent-sweep: 5.370/7.594 secs] [Times: user=50.76 sys=1.37, real=7.59 secs]
2019-10-29T08:14:56.342+0000: [CMS-concurrent-reset-start]
2019-10-29T08:14:56.357+0000: [CMS-concurrent-reset: 0.015/0.015 secs] [Times: user=0.05 sys=0.00, real=0.01 secs]
2019-10-29T08:14:58.357+0000: [GC (CMS Initial Mark) [1 CMS-initial-mark: 3437341K(6603984K)] 4528514K(11322576K), 0.3014160 secs] [Times: user=2.09 sys=0.00, real=0.31 secs]
2019-10-29T08:14:58.658+0000: [CMS-concurrent-mark-start]
2019-10-29T08:14:59.569+0000: [CMS-concurrent-mark: 0.911/0.911 secs] [Times: user=8.19 sys=0.10, real=0.91 secs]
2019-10-29T08:14:59.569+0000: [CMS-concurrent-preclean-start]
2019-10-29T08:14:59.582+0000: [CMS-concurrent-preclean: 0.012/0.013 secs] [Times: user=0.07 sys=0.00, real=0.01 secs]
2019-10-29T08:14:59.582+0000: [CMS-concurrent-abortable-preclean-start]
 CMS: abort preclean due to time 2019-10-29T08:15:07.230+0000: [CMS-concurrent-abortable-preclean: 7.547/7.647 secs] [Times: user=27.66 sys=2.83, real=7.65 secs]
2019-10-29T08:15:07.230+0000: [GC (CMS Final Remark) [YG occupancy: 3222755 K (4718592 K)]2019-10-29T08:15:07.230+0000: [Rescan (parallel) , 0.4740426 secs]2019-10-29T08:15:07.704+0000: [weak refs processing, 0.0000539 secs]2019-10-29T08:15:07.704+0000: [class unloading, 0.0183725 secs]2019-10-29T08:15:07.723+0000: [scrub symbol table, 0.0120248 secs]2019-10-29T08:15:07.735+0000: [scrub string table, 0.0007730 secs][1 CMS-remark: 3437341K(6603984K)] 6660096K(11322576K), 0.5054167 secs] [Times: user=10.79 sys=0.02, real=0.50 secs]
2019-10-29T08:15:07.736+0000: [CMS-concurrent-sweep-start]
2019-10-29T08:15:15.068+0000: [CMS-concurrent-sweep: 7.332/7.332 secs] [Times: user=25.23 sys=4.10, real=7.34 secs]
2019-10-29T08:15:15.068+0000: [CMS-concurrent-reset-start]
2019-10-29T08:15:15.083+0000: [CMS-concurrent-reset: 0.015/0.015 secs] [Times: user=0.05 sys=0.01, real=0.01 secs]
2019-10-29T08:15:21.431+0000: [GC (Allocation Failure) 2019-10-29T08:15:21.431+0000: [ParNew: 4718592K->524288K(4718592K), 1.5141777 secs] 6823054K->3142464K(11322576K), 1.5142573 secs] [Times: user=17.44 sys=0.11, real=1.51 secs]
2019-10-29T08:15:34.626+0000: [GC (Allocation Failure) 2019-10-29T08:15:34.626+0000: [ParNew: 4718592K->524288K(4718592K), 2.2503734 secs] 7336768K->4551203K(11322576K), 2.2504666 secs] [Times: user=38.43 sys=0.17, real=2.24 secs]
2019-10-29T08:15:36.877+0000: [GC (CMS Initial Mark) [1 CMS-initial-mark: 4026915K(6603984K)] 4605547K(11322576K), 0.2206531 secs] [Times: user=1.01 sys=0.00, real=0.22 secs]
2019-10-29T08:15:37.098+0000: [CMS-concurrent-mark-start]
2019-10-29T08:15:37.885+0000: [CMS-concurrent-mark: 0.787/0.787 secs] [Times: user=6.94 sys=0.15, real=0.78 secs]
2019-10-29T08:15:37.885+0000: [CMS-concurrent-preclean-start]
2019-10-29T08:15:37.894+0000: [CMS-concurrent-preclean: 0.008/0.008 secs] [Times: user=0.04 sys=0.00, real=0.01 secs]
2019-10-29T08:15:37.894+0000: [CMS-concurrent-abortable-preclean-start]
 CMS: abort preclean due to time 2019-10-29T08:15:45.797+0000: [CMS-concurrent-abortable-preclean: 7.803/7.903 secs] [Times: user=27.09 sys=4.38, real=7.90 secs]
2019-10-29T08:15:45.797+0000: [GC (CMS Final Remark) [YG occupancy: 1466496 K (4718592 K)]2019-10-29T08:15:45.797+0000: [Rescan (parallel) , 0.3735433 secs]2019-10-29T08:15:46.171+0000: [weak refs processing, 0.0000725 secs]2019-10-29T08:15:46.171+0000: [class unloading, 0.0272185 secs]2019-10-29T08:15:46.198+0000: [scrub symbol table, 0.0169878 secs]2019-10-29T08:15:46.215+0000: [scrub string table, 0.0013062 secs][1 CMS-remark: 4026915K(6603984K)] 5493411K(11322576K), 0.4193011 secs] [Times: user=8.34 sys=0.06, real=0.42 secs]
2019-10-29T08:15:46.217+0000: [CMS-concurrent-sweep-start]
2019-10-29T08:15:56.384+0000: [CMS-concurrent-sweep: 10.167/10.167 secs] [Times: user=34.68 sys=6.04, real=10.17 secs]
2019-10-29T08:15:56.384+0000: [CMS-concurrent-reset-start]
2019-10-29T08:15:56.400+0000: [CMS-concurrent-reset: 0.016/0.016 secs] [Times: user=0.05 sys=0.01, real=0.02 secs]
2019-10-29T08:16:00.839+0000: [GC (Allocation Failure) 2019-10-29T08:16:00.839+0000: [ParNew: 4718592K->524288K(4718592K), 2.1809535 secs] 6680683K->3862781K(11322576K), 2.1810341 secs] [Times: user=24.91 sys=0.25, real=2.18 secs]
2019-10-29T08:16:03.021+0000: [GC (CMS Initial Mark) [1 CMS-initial-mark: 3338493K(6603984K)] 3891707K(11322576K), 0.4318902 secs] [Times: user=1.24 sys=0.00, real=0.43 secs]
2019-10-29T08:16:03.453+0000: [CMS-concurrent-mark-start]
2019-10-29T08:16:04.323+0000: [CMS-concurrent-mark: 0.870/0.871 secs] [Times: user=7.36 sys=0.42, real=0.87 secs]
2019-10-29T08:16:04.323+0000: [CMS-concurrent-preclean-start]
2019-10-29T08:16:04.339+0000: [CMS-concurrent-preclean: 0.016/0.016 secs] [Times: user=0.06 sys=0.01, real=0.02 secs]
2019-10-29T08:16:04.339+0000: [CMS-concurrent-abortable-preclean-start]
 CMS: abort preclean due to time 2019-10-29T08:16:12.094+0000: [CMS-concurrent-abortable-preclean: 7.753/7.755 secs] [Times: user=27.49 sys=3.65, real=7.75 secs]
2019-10-29T08:16:12.095+0000: [GC (CMS Final Remark) [YG occupancy: 3658393 K (4718592 K)]2019-10-29T08:16:12.095+0000: [Rescan (parallel) , 0.4665983 secs]2019-10-29T08:16:12.561+0000: [weak refs processing, 0.0000658 secs]2019-10-29T08:16:12.561+0000: [class unloading, 0.0241568 secs]2019-10-29T08:16:12.585+0000: [scrub symbol table, 0.0135441 secs]2019-10-29T08:16:12.599+0000: [scrub string table, 0.0007681 secs][1 CMS-remark: 3338493K(6603984K)] 6996886K(11322576K), 0.5053114 secs] [Times: user=10.63 sys=0.00, real=0.51 secs]
2019-10-29T08:16:12.600+0000: [CMS-concurrent-sweep-start]
2019-10-29T08:16:15.797+0000: [GC (Allocation Failure) 2019-10-29T08:16:15.797+0000: [ParNew: 4718592K->524288K(4718592K), 1.9644023 secs] 6955054K->4060916K(11322576K), 1.9644961 secs] [Times: user=32.63 sys=0.02, real=1.97 secs]
2019-10-29T08:16:18.694+0000: [CMS-concurrent-sweep: 4.129/6.094 secs] [Times: user=48.78 sys=0.39, real=6.09 secs]
2019-10-29T08:16:18.694+0000: [CMS-concurrent-reset-start]
2019-10-29T08:16:18.709+0000: [CMS-concurrent-reset: 0.016/0.016 secs] [Times: user=0.07 sys=0.00, real=0.02 secs]
2019-10-29T08:16:20.709+0000: [GC (CMS Initial Mark) [1 CMS-initial-mark: 3157360K(6603984K)] 5070065K(11322576K), 0.3745042 secs] [Times: user=3.04 sys=0.00, real=0.37 secs]
2019-10-29T08:16:21.083+0000: [CMS-concurrent-mark-start]
2019-10-29T08:16:21.813+0000: [CMS-concurrent-mark: 0.729/0.729 secs] [Times: user=6.42 sys=0.14, real=0.73 secs]
2019-10-29T08:16:21.813+0000: [CMS-concurrent-preclean-start]
2019-10-29T08:16:21.821+0000: [CMS-concurrent-preclean: 0.009/0.009 secs] [Times: user=0.03 sys=0.00, real=0.01 secs]
2019-10-29T08:16:21.821+0000: [CMS-concurrent-abortable-preclean-start]
 CMS: abort preclean due to time 2019-10-29T08:16:29.544+0000: [CMS-concurrent-abortable-preclean: 7.622/7.722 secs] [Times: user=27.02 sys=3.79, real=7.72 secs]
2019-10-29T08:16:29.544+0000: [GC (CMS Final Remark) [YG occupancy: 2195463 K (4718592 K)]2019-10-29T08:16:29.544+0000: [Rescan (parallel) , 0.5119660 secs]2019-10-29T08:16:30.056+0000: [weak refs processing, 0.0000690 secs]2019-10-29T08:16:30.056+0000: [class unloading, 0.0252619 secs]2019-10-29T08:16:30.081+0000: [scrub symbol table, 0.0152194 secs]2019-10-29T08:16:30.096+0000: [scrub string table, 0.0010716 secs][1 CMS-remark: 3157360K(6603984K)] 5352823K(11322576K), 0.5537619 secs] [Times: user=9.74 sys=0.04, real=0.55 secs]
2019-10-29T08:16:30.098+0000: [CMS-concurrent-sweep-start]
2019-10-29T08:16:37.507+0000: [CMS-concurrent-sweep: 7.409/7.409 secs] [Times: user=24.41 sys=5.23, real=7.41 secs]
2019-10-29T08:16:37.507+0000: [CMS-concurrent-reset-start]
2019-10-29T08:16:37.522+0000: [CMS-concurrent-reset: 0.015/0.015 secs] [Times: user=0.04 sys=0.02, real=0.01 secs]
2019-10-29T08:16:43.332+0000: [GC (Allocation Failure) 2019-10-29T08:16:43.332+0000: [ParNew: 4718592K->524288K(4718592K), 2.1424823 secs] 6711285K->3657960K(11322576K), 2.1425560 secs] [Times: user=27.93 sys=0.36, real=2.14 secs]
2019-10-29T08:16:45.475+0000: [GC (CMS Initial Mark) [1 CMS-initial-mark: 3133672K(6603984K)] 3683855K(11322576K), 0.3086273 secs] [Times: user=1.00 sys=0.01, real=0.31 secs]
2019-10-29T08:16:45.784+0000: [CMS-concurrent-mark-start]
2019-10-29T08:16:46.467+0000: [CMS-concurrent-mark: 0.683/0.683 secs] [Times: user=5.96 sys=0.18, real=0.69 secs]
2019-10-29T08:16:46.467+0000: [CMS-concurrent-preclean-start]
2019-10-29T08:16:46.475+0000: [CMS-concurrent-preclean: 0.009/0.009 secs] [Times: user=0.03 sys=0.00, real=0.00 secs]
2019-10-29T08:16:46.475+0000: [CMS-concurrent-abortable-preclean-start]
 CMS: abort preclean due to time 2019-10-29T08:16:55.520+0000: [CMS-concurrent-abortable-preclean: 8.943/9.045 secs] [Times: user=34.25 sys=1.96, real=9.05 secs]
2019-10-29T08:16:55.521+0000: [GC (CMS Final Remark) [YG occupancy: 3228456 K (4718592 K)]2019-10-29T08:16:55.521+0000: [Rescan (parallel) , 0.5020244 secs]2019-10-29T08:16:56.023+0000: [weak refs processing, 0.0000412 secs]2019-10-29T08:16:56.023+0000: [class unloading, 0.0181874 secs]2019-10-29T08:16:56.041+0000: [scrub symbol table, 0.0119653 secs]2019-10-29T08:16:56.053+0000: [scrub string table, 0.0007894 secs][1 CMS-remark: 3133672K(6603984K)] 6362129K(11322576K), 0.5331545 secs] [Times: user=9.18 sys=0.00, real=0.53 secs]
2019-10-29T08:16:56.054+0000: [CMS-concurrent-sweep-start]
2019-10-29T08:17:00.210+0000: [CMS-concurrent-sweep: 4.156/4.156 secs] [Times: user=15.42 sys=1.21, real=4.16 secs]
2019-10-29T08:17:00.210+0000: [CMS-concurrent-reset-start]
2019-10-29T08:17:00.225+0000: [CMS-concurrent-reset: 0.016/0.016 secs] [Times: user=0.06 sys=0.00, real=0.01 secs]
2019-10-29T08:17:07.478+0000: [GC (Allocation Failure) 2019-10-29T08:17:07.478+0000: [ParNew: 4718592K->524288K(4718592K), 2.1921036 secs] 6325435K->3858335K(11322576K), 2.1921905 secs] [Times: user=35.38 sys=0.26, real=2.19 secs]
2019-10-29T08:17:09.671+0000: [GC (CMS Initial Mark) [1 CMS-initial-mark: 3334047K(6603984K)] 3858336K(11322576K), 0.2899865 secs] [Times: user=0.96 sys=0.01, real=0.29 secs]
2019-10-29T08:17:09.961+0000: [CMS-concurrent-mark-start]
2019-10-29T08:17:11.761+0000: [CMS-concurrent-mark: 1.800/1.800 secs] [Times: user=14.83 sys=1.24, real=1.80 secs]
2019-10-29T08:17:11.761+0000: [CMS-concurrent-preclean-start]
2019-10-29T08:17:11.770+0000: [CMS-concurrent-preclean: 0.008/0.009 secs] [Times: user=0.04 sys=0.00, real=0.01 secs]
2019-10-29T08:17:11.770+0000: [CMS-concurrent-abortable-preclean-start]
 CMS: abort preclean due to time 2019-10-29T08:17:18.296+0000: [CMS-concurrent-abortable-preclean: 6.424/6.526 secs] [Times: user=22.29 sys=3.96, real=6.52 secs]
2019-10-29T08:17:18.316+0000: [GC (CMS Final Remark) [YG occupancy: 3861418 K (4718592 K)]2019-10-29T08:17:18.316+0000: [Rescan (parallel) , 0.4536744 secs]2019-10-29T08:17:18.770+0000: [weak refs processing, 0.0000516 secs]2019-10-29T08:17:18.770+0000: [class unloading, 0.0183582 secs]2019-10-29T08:17:18.788+0000: [scrub symbol table, 0.0115378 secs]2019-10-29T08:17:18.800+0000: [scrub string table, 0.0007580 secs][1 CMS-remark: 3334047K(6603984K)] 7195466K(11322576K), 0.4845433 secs] [Times: user=9.64 sys=0.03, real=0.49 secs]
2019-10-29T08:17:18.801+0000: [CMS-concurrent-sweep-start]
2019-10-29T08:17:21.447+0000: [CMS-concurrent-sweep: 2.646/2.646 secs] [Times: user=9.92 sys=0.67, real=2.65 secs]
2019-10-29T08:17:21.447+0000: [CMS-concurrent-reset-start]
2019-10-29T08:17:21.462+0000: [CMS-concurrent-reset: 0.015/0.015 secs] [Times: user=0.05 sys=0.00, real=0.01 secs]
2019-10-29T08:17:23.462+0000: [GC (CMS Initial Mark) [1 CMS-initial-mark: 2462751K(6603984K)] 6675628K(11322576K), 0.3648572 secs] [Times: user=4.97 sys=0.01, real=0.37 secs]
2019-10-29T08:17:23.827+0000: [CMS-concurrent-mark-start]
2019-10-29T08:17:25.545+0000: [CMS-concurrent-mark: 1.717/1.717 secs] [Times: user=14.59 sys=0.75, real=1.71 secs]
2019-10-29T08:17:25.545+0000: [CMS-concurrent-preclean-start]
2019-10-29T08:17:25.554+0000: [CMS-concurrent-preclean: 0.009/0.009 secs] [Times: user=0.04 sys=0.01, real=0.01 secs]
2019-10-29T08:17:25.554+0000: [CMS-concurrent-abortable-preclean-start]
 CMS: abort preclean due to time 2019-10-29T08:17:32.636+0000: [CMS-concurrent-abortable-preclean: 6.982/7.083 secs] [Times: user=23.47 sys=4.76, real=7.08 secs]
2019-10-29T08:17:32.637+0000: [GC (CMS Final Remark) [YG occupancy: 4434668 K (4718592 K)]2019-10-29T08:17:32.637+0000: [Rescan (parallel) , 0.4961530 secs]2019-10-29T08:17:33.133+0000: [weak refs processing, 0.0000430 secs]2019-10-29T08:17:33.133+0000: [class unloading, 0.0175407 secs]2019-10-29T08:17:33.151+0000: [scrub symbol table, 0.0113353 secs]2019-10-29T08:17:33.162+0000: [scrub string table, 0.0007572 secs][1 CMS-remark: 2462751K(6603984K)] 6897420K(11322576K), 0.5259611 secs] [Times: user=10.32 sys=0.03, real=0.53 secs]
2019-10-29T08:17:33.163+0000: [CMS-concurrent-sweep-start]
2019-10-29T08:17:33.689+0000: [GC (Allocation Failure) 2019-10-29T08:17:33.689+0000: [ParNew: 4718592K->524288K(4718592K), 1.7588419 secs] 7181185K->3892487K(11322576K), 1.7589230 secs] [Times: user=23.09 sys=0.27, real=1.76 secs]
2019-10-29T08:17:36.495+0000: [CMS-concurrent-sweep: 1.573/3.332 secs] [Times: user=28.46 sys=1.33, real=3.33 secs]
2019-10-29T08:17:36.495+0000: [CMS-concurrent-reset-start]
2019-10-29T08:17:36.510+0000: [CMS-concurrent-reset: 0.015/0.015 secs] [Times: user=0.06 sys=0.01, real=0.02 secs]
2019-10-29T08:17:38.510+0000: [GC (CMS Initial Mark) [1 CMS-initial-mark: 3368052K(6603984K)] 5768452K(11322576K), 0.3502554 secs] [Times: user=2.67 sys=0.01, real=0.35 secs]
2019-10-29T08:17:38.860+0000: [CMS-concurrent-mark-start]
2019-10-29T08:17:39.360+0000: [CMS-concurrent-mark: 0.500/0.500 secs] [Times: user=4.32 sys=0.16, real=0.50 secs]
2019-10-29T08:17:39.360+0000: [CMS-concurrent-preclean-start]
2019-10-29T08:17:39.374+0000: [CMS-concurrent-preclean: 0.013/0.014 secs] [Times: user=0.05 sys=0.02, real=0.01 secs]
2019-10-29T08:17:39.374+0000: [CMS-concurrent-abortable-preclean-start]
 CMS: abort preclean due to time 2019-10-29T08:17:48.457+0000: [CMS-concurrent-abortable-preclean: 8.982/9.083 secs] [Times: user=32.86 sys=3.39, real=9.08 secs]
2019-10-29T08:17:48.457+0000: [GC (CMS Final Remark) [YG occupancy: 4392411 K (4718592 K)]2019-10-29T08:17:48.457+0000: [Rescan (parallel) , 0.5273101 secs]2019-10-29T08:17:48.985+0000: [weak refs processing, 0.0000681 secs]2019-10-29T08:17:48.985+0000: [class unloading, 0.0254150 secs]2019-10-29T08:17:49.010+0000: [scrub symbol table, 0.0143841 secs]2019-10-29T08:17:49.025+0000: [scrub string table, 0.0010873 secs][1 CMS-remark: 3368052K(6603984K)] 7760463K(11322576K), 0.5684534 secs] [Times: user=10.74 sys=0.02, real=0.58 secs]
2019-10-29T08:17:49.026+0000: [CMS-concurrent-sweep-start]
2019-10-29T08:17:49.407+0000: [GC (Allocation Failure) 2019-10-29T08:17:49.407+0000: [ParNew: 4718592K->524288K(4718592K), 1.6946689 secs] 8059314K->4832291K(11322576K), 1.6947493 secs] [Times: user=29.98 sys=0.41, real=1.69 secs]
2019-10-29T08:18:00.660+0000: [CMS-concurrent-sweep: 9.938/11.634 secs] [Times: user=65.29 sys=5.06, real=11.63 secs]
2019-10-29T08:18:00.660+0000: [CMS-concurrent-reset-start]
2019-10-29T08:18:00.675+0000: [CMS-concurrent-reset: 0.016/0.016 secs] [Times: user=0.06 sys=0.01, real=0.01 secs]
2019-10-29T08:18:14.523+0000: [GC (Allocation Failure) 2019-10-29T08:18:14.524+0000: [ParNew: 4718592K->524288K(4718592K), 1.8757223 secs] 6997687K->3682621K(11322576K), 1.8758050 secs] [Times: user=27.10 sys=0.02, real=1.88 secs]
2019-10-29T08:18:24.613+0000: [GC (Allocation Failure) 2019-10-29T08:18:24.613+0000: [ParNew: 4718592K->524288K(4718592K), 2.1248167 secs] 7876925K->5093404K(11322576K), 2.1248868 secs] [Times: user=34.01 sys=0.25, real=2.13 secs]
2019-10-29T08:18:26.739+0000: [GC (CMS Initial Mark) [1 CMS-initial-mark: 4569116K(6603984K)] 5126775K(11322576K), 0.1809406 secs] [Times: user=0.85 sys=0.00, real=0.18 secs]
2019-10-29T08:18:26.920+0000: [CMS-concurrent-mark-start]
2019-10-29T08:18:29.256+0000: [CMS-concurrent-mark: 2.336/2.336 secs] [Times: user=18.21 sys=1.36, real=2.33 secs]
2019-10-29T08:18:29.256+0000: [CMS-concurrent-preclean-start]
2019-10-29T08:18:29.269+0000: [CMS-concurrent-preclean: 0.013/0.013 secs] [Times: user=0.04 sys=0.01, real=0.02 secs]
2019-10-29T08:18:29.269+0000: [CMS-concurrent-abortable-preclean-start]
 CMS: abort preclean due to time 2019-10-29T08:18:37.071+0000: [CMS-concurrent-abortable-preclean: 7.800/7.802 secs] [Times: user=29.74 sys=1.57, real=7.80 secs]
2019-10-29T08:18:37.072+0000: [GC (CMS Final Remark) [YG occupancy: 3055805 K (4718592 K)]2019-10-29T08:18:37.072+0000: [Rescan (parallel) , 0.4284823 secs]2019-10-29T08:18:37.500+0000: [weak refs processing, 0.0000568 secs]2019-10-29T08:18:37.500+0000: [class unloading, 0.0179627 secs]2019-10-29T08:18:37.518+0000: [scrub symbol table, 0.0113087 secs]2019-10-29T08:18:37.530+0000: [scrub string table, 0.0007834 secs][1 CMS-remark: 4569116K(6603984K)] 7624922K(11322576K), 0.4587421 secs] [Times: user=9.73 sys=0.00, real=0.46 secs]
2019-10-29T08:18:37.531+0000: [CMS-concurrent-sweep-start]
2019-10-29T08:18:51.566+0000: [CMS-concurrent-sweep: 14.035/14.035 secs] [Times: user=46.47 sys=9.77, real=14.04 secs]
2019-10-29T08:18:51.566+0000: [CMS-concurrent-reset-start]
2019-10-29T08:18:51.581+0000: [CMS-concurrent-reset: 0.015/0.015 secs] [Times: user=0.05 sys=0.01, real=0.01 secs]
2019-10-29T08:18:53.157+0000: [GC (Allocation Failure) 2019-10-29T08:18:53.157+0000: [ParNew: 4718592K->524288K(4718592K), 2.2843329 secs] 7168805K->4012435K(11322576K), 2.2844224 secs] [Times: user=22.50 sys=0.07, real=2.29 secs]
2019-10-29T08:18:55.454+0000: [GC (CMS Initial Mark) [1 CMS-initial-mark: 3488147K(6603984K)] 4095803K(11322576K), 0.4457975 secs] [Times: user=0.94 sys=0.01, real=0.45 secs]
2019-10-29T08:18:55.900+0000: [CMS-concurrent-mark-start]
2019-10-29T08:18:57.934+0000: [CMS-concurrent-mark: 2.034/2.034 secs] [Times: user=16.72 sys=1.04, real=2.03 secs]
2019-10-29T08:18:57.934+0000: [CMS-concurrent-preclean-start]
2019-10-29T08:18:57.949+0000: [CMS-concurrent-preclean: 0.015/0.015 secs] [Times: user=0.04 sys=0.01, real=0.02 secs]
2019-10-29T08:18:57.949+0000: [CMS-concurrent-abortable-preclean-start]
 CMS: abort preclean due to time 2019-10-29T08:19:04.701+0000: [CMS-concurrent-abortable-preclean: 6.751/6.752 secs] [Times: user=22.02 sys=2.94, real=6.75 secs]
2019-10-29T08:19:04.702+0000: [GC (CMS Final Remark) [YG occupancy: 1938260 K (4718592 K)]2019-10-29T08:19:04.702+0000: [Rescan (parallel) , 0.7271462 secs]2019-10-29T08:19:05.430+0000: [weak refs processing, 0.0000704 secs]2019-10-29T08:19:05.430+0000: [class unloading, 0.0272724 secs]2019-10-29T08:19:05.457+0000: [scrub symbol table, 0.0210797 secs]2019-10-29T08:19:05.478+0000: [scrub string table, 0.0011519 secs][1 CMS-remark: 3488147K(6603984K)] 5426407K(11322576K), 0.7769066 secs] [Times: user=8.43 sys=0.06, real=0.78 secs]
2019-10-29T08:19:05.479+0000: [CMS-concurrent-sweep-start]
2019-10-29T08:19:14.363+0000: [GC (Allocation Failure) 2019-10-29T08:19:14.364+0000: [ParNew: 4718592K->524288K(4718592K), 5.0867232 secs] 7238833K->4251209K(11322576K), 5.0868173 secs] [Times: user=22.42 sys=0.20, real=5.09 secs]
2019-10-29T08:19:20.871+0000: [CMS-concurrent-sweep: 10.297/15.392 secs] [Times: user=59.14 sys=1.34, real=15.39 secs]
2019-10-29T08:19:20.871+0000: [CMS-concurrent-reset-start]
2019-10-29T08:19:20.890+0000: [CMS-concurrent-reset: 0.019/0.019 secs] [Times: user=0.05 sys=0.00, real=0.02 secs]
2019-10-29T08:19:22.889+0000: [GC (CMS Initial Mark) [1 CMS-initial-mark: 3499144K(6603984K)] 4200416K(11322576K), 0.7270899 secs] [Times: user=1.74 sys=0.00, real=0.72 secs]
2019-10-29T08:19:23.616+0000: [CMS-concurrent-mark-start]
2019-10-29T08:19:25.040+0000: [CMS-concurrent-mark: 1.424/1.424 secs] [Times: user=9.00 sys=0.41, real=1.43 secs]
2019-10-29T08:19:25.040+0000: [CMS-concurrent-preclean-start]
2019-10-29T08:19:25.053+0000: [CMS-concurrent-preclean: 0.013/0.013 secs] [Times: user=0.05 sys=0.01, real=0.01 secs]
2019-10-29T08:19:25.053+0000: [CMS-concurrent-abortable-preclean-start]
 CMS: abort preclean due to time 2019-10-29T08:19:32.791+0000: [CMS-concurrent-abortable-preclean: 7.738/7.738 secs] [Times: user=23.43 sys=3.62, real=7.74 secs]
2019-10-29T08:19:32.791+0000: [GC (CMS Final Remark) [YG occupancy: 863728 K (4718592 K)]2019-10-29T08:19:32.792+0000: [Rescan (parallel) , 1.0023180 secs]2019-10-29T08:19:33.794+0000: [weak refs processing, 0.0000753 secs]2019-10-29T08:19:33.794+0000: [class unloading, 0.0288718 secs]2019-10-29T08:19:33.823+0000: [scrub symbol table, 0.0243811 secs]2019-10-29T08:19:33.847+0000: [scrub string table, 0.0011486 secs][1 CMS-remark: 3499144K(6603984K)] 4362873K(11322576K), 1.0569936 secs] [Times: user=10.31 sys=0.09, real=1.06 secs]
2019-10-29T08:19:33.849+0000: [CMS-concurrent-sweep-start]
2019-10-29T08:19:46.830+0000: [CMS-concurrent-sweep: 12.981/12.981 secs] [Times: user=44.84 sys=5.62, real=12.98 secs]
2019-10-29T08:19:46.830+0000: [CMS-concurrent-reset-start]
2019-10-29T08:19:46.847+0000: [CMS-concurrent-reset: 0.017/0.017 secs] [Times: user=0.06 sys=0.01, real=0.02 secs]
2019-10-29T08:19:57.865+0000: [GC (Allocation Failure) 2019-10-29T08:19:57.865+0000: [ParNew: 4718592K->524288K(4718592K), 3.6246276 secs] 6746982K->3408406K(11322576K), 3.6247381 secs] [Times: user=16.72 sys=0.06, real=3.63 secs]
2019-10-29T08:20:16.970+0000: [GC (Allocation Failure) 2019-10-29T08:20:16.970+0000: [ParNew: 4718592K->524288K(4718592K), 2.7551869 secs] 7602710K->4352132K(11322576K), 2.7552883 secs] [Times: user=19.20 sys=0.09, real=2.75 secs]
2019-10-29T08:20:19.726+0000: [GC (CMS Initial Mark) [1 CMS-initial-mark: 3827844K(6603984K)] 4403946K(11322576K), 0.2596754 secs] [Times: user=0.92 sys=0.00, real=0.25 secs]
2019-10-29T08:20:19.986+0000: [CMS-concurrent-mark-start]
2019-10-29T08:20:20.695+0000: [CMS-concurrent-mark: 0.709/0.709 secs] [Times: user=5.99 sys=0.00, real=0.70 secs]
2019-10-29T08:20:20.695+0000: [CMS-concurrent-preclean-start]
2019-10-29T08:20:20.710+0000: [CMS-concurrent-preclean: 0.015/0.015 secs] [Times: user=0.07 sys=0.00, real=0.02 secs]
2019-10-29T08:20:20.710+0000: [CMS-concurrent-abortable-preclean-start]
 CMS: abort preclean due to time 2019-10-29T08:20:26.971+0000: [CMS-concurrent-abortable-preclean: 6.241/6.261 secs] [Times: user=23.99 sys=0.12, real=6.26 secs]
2019-10-29T08:20:26.971+0000: [GC (CMS Final Remark) [YG occupancy: 2958016 K (4718592 K)]2019-10-29T08:20:26.971+0000: [Rescan (parallel) , 0.5779710 secs]2019-10-29T08:20:27.549+0000: [weak refs processing, 0.0000697 secs]2019-10-29T08:20:27.550+0000: [class unloading, 0.0196979 secs]2019-10-29T08:20:27.569+0000: [scrub symbol table, 0.0155974 secs]2019-10-29T08:20:27.585+0000: [scrub string table, 0.0007965 secs][1 CMS-remark: 3827844K(6603984K)] 6785861K(11322576K), 0.6143555 secs] [Times: user=7.13 sys=0.02, real=0.62 secs]
2019-10-29T08:20:27.586+0000: [CMS-concurrent-sweep-start]
2019-10-29T08:20:55.724+0000: [CMS-concurrent-sweep: 28.137/28.138 secs] [Times: user=94.59 sys=15.40, real=28.13 secs]
2019-10-29T08:20:55.724+0000: [CMS-concurrent-reset-start]
2019-10-29T08:20:55.744+0000: [CMS-concurrent-reset: 0.020/0.020 secs] [Times: user=0.07 sys=0.01, real=0.02 secs]
2019-10-29T08:20:56.410+0000: [GC (Allocation Failure) 2019-10-29T08:20:56.410+0000: [ParNew: 4718592K->524288K(4718592K), 2.2428271 secs] 6238582K->2564362K(11322576K), 2.2429264 secs] [Times: user=12.22 sys=0.08, real=2.24 secs]
2019-10-29T08:21:10.526+0000: [GC (Allocation Failure) 2019-10-29T08:21:10.526+0000: [ParNew: 4718592K->524288K(4718592K), 4.3835985 secs] 6758666K->3957409K(11322576K), 4.3836885 secs] [Times: user=22.94 sys=0.28, real=4.38 secs]
2019-10-29T08:21:14.912+0000: [GC (CMS Initial Mark) [1 CMS-initial-mark: 3433121K(6603984K)] 3986337K(11322576K), 0.3132453 secs] [Times: user=1.15 sys=0.00, real=0.31 secs]
2019-10-29T08:21:15.230+0000: [CMS-concurrent-mark-start]
2019-10-29T08:21:16.376+0000: [CMS-concurrent-mark: 1.146/1.146 secs] [Times: user=9.02 sys=0.00, real=1.14 secs]
2019-10-29T08:21:16.376+0000: [CMS-concurrent-preclean-start]
2019-10-29T08:21:16.392+0000: [CMS-concurrent-preclean: 0.016/0.016 secs] [Times: user=0.06 sys=0.00, real=0.02 secs]
2019-10-29T08:21:16.392+0000: [CMS-concurrent-abortable-preclean-start]
 CMS: abort preclean due to time 2019-10-29T08:21:22.405+0000: [CMS-concurrent-abortable-preclean: 6.013/6.013 secs] [Times: user=21.32 sys=1.49, real=6.01 secs]
2019-10-29T08:21:22.406+0000: [GC (CMS Final Remark) [YG occupancy: 785642 K (4718592 K)]2019-10-29T08:21:22.406+0000: [Rescan (parallel) , 0.5544161 secs]2019-10-29T08:21:22.960+0000: [weak refs processing, 0.0000713 secs]2019-10-29T08:21:22.960+0000: [class unloading, 0.0285711 secs]2019-10-29T08:21:22.989+0000: [scrub symbol table, 0.0193885 secs]2019-10-29T08:21:23.008+0000: [scrub string table, 0.0011815 secs][1 CMS-remark: 3433121K(6603984K)] 4218764K(11322576K), 0.6038259 secs] [Times: user=6.68 sys=0.06, real=0.60 secs]
2019-10-29T08:21:23.036+0000: [CMS-concurrent-sweep-start]
2019-10-29T08:21:35.799+0000: [CMS-concurrent-sweep: 12.763/12.763 secs] [Times: user=40.38 sys=9.96, real=12.77 secs]
2019-10-29T08:21:35.800+0000: [CMS-concurrent-reset-start]
2019-10-29T08:21:35.815+0000: [CMS-concurrent-reset: 0.016/0.016 secs] [Times: user=0.06 sys=0.01, real=0.01 secs]
2019-10-29T08:22:13.471+0000: [GC (Allocation Failure) 2019-10-29T08:22:13.471+0000: [ParNew: 4672326K->524288K(4718592K), 4.1167549 secs] 6707610K->4234926K(11322576K), 4.1168568 secs] [Times: user=23.58 sys=0.17, real=4.12 secs]
2019-10-29T08:22:17.598+0000: [GC (CMS Initial Mark) [1 CMS-initial-mark: 3710638K(6603984K)] 4355370K(11322576K), 0.3922303 secs] [Times: user=0.91 sys=0.00, real=0.39 secs]
2019-10-29T08:22:17.998+0000: [CMS-concurrent-mark-start]
2019-10-29T08:22:19.242+0000: [CMS-concurrent-mark: 1.245/1.245 secs] [Times: user=8.45 sys=0.10, real=1.24 secs]
2019-10-29T08:22:19.242+0000: [CMS-concurrent-preclean-start]
2019-10-29T08:22:19.259+0000: [CMS-concurrent-preclean: 0.016/0.016 secs] [Times: user=0.05 sys=0.00, real=0.02 secs]
2019-10-29T08:22:19.259+0000: [CMS-concurrent-abortable-preclean-start]
 CMS: abort preclean due to time 2019-10-29T08:22:25.528+0000: [CMS-concurrent-abortable-preclean: 6.267/6.269 secs] [Times: user=23.58 sys=0.16, real=6.27 secs]
2019-10-29T08:22:25.533+0000: [GC (CMS Final Remark) [YG occupancy: 3829796 K (4718592 K)]2019-10-29T08:22:25.533+0000: [Rescan (parallel) , 0.8696259 secs]2019-10-29T08:22:26.403+0000: [weak refs processing, 0.0000591 secs]2019-10-29T08:22:26.403+0000: [class unloading, 0.0416719 secs]2019-10-29T08:22:26.445+0000: [scrub symbol table, 0.0218841 secs]2019-10-29T08:22:26.467+0000: [scrub string table, 0.0011036 secs][1 CMS-remark: 3710638K(6603984K)] 7540434K(11322576K), 0.9345510 secs] [Times: user=7.50 sys=0.01, real=0.94 secs]
2019-10-29T08:22:26.468+0000: [CMS-concurrent-sweep-start]
2019-10-29T08:22:28.793+0000: [GC (Allocation Failure) 2019-10-29T08:22:28.793+0000: [ParNew: 4701621K->524288K(4718592K), 5.9916911 secs] 8001196K->6143537K(11322576K), 5.9918008 secs] [Times: user=32.97 sys=0.04, real=5.99 secs]
2019-10-29T08:22:44.017+0000: [CMS-concurrent-sweep: 11.541/17.549 secs] [Times: user=73.53 sys=5.30, real=17.54 secs]
2019-10-29T08:22:44.020+0000: [CMS-concurrent-reset-start]
2019-10-29T08:22:44.037+0000: [CMS-concurrent-reset: 0.017/0.017 secs] [Times: user=0.05 sys=0.01, real=0.01 secs]
2019-10-29T08:22:46.036+0000: [GC (CMS Initial Mark) [1 CMS-initial-mark: 4381532K(7302556K)] 6107907K(12021148K), 1.2174188 secs] [Times: user=3.88 sys=0.00, real=1.22 secs]
2019-10-29T08:22:47.254+0000: [CMS-concurrent-mark-start]
2019-10-29T08:22:50.474+0000: [CMS-concurrent-mark: 3.219/3.219 secs] [Times: user=20.69 sys=2.04, real=3.22 secs]
2019-10-29T08:22:50.474+0000: [CMS-concurrent-preclean-start]
2019-10-29T08:22:50.489+0000: [CMS-concurrent-preclean: 0.015/0.015 secs] [Times: user=0.05 sys=0.00, real=0.02 secs]
2019-10-29T08:22:50.489+0000: [CMS-concurrent-abortable-preclean-start]
 CMS: abort preclean due to time 2019-10-29T08:22:57.844+0000: [CMS-concurrent-abortable-preclean: 7.241/7.355 secs] [Times: user=22.47 sys=5.45, real=7.35 secs]
2019-10-29T08:22:57.852+0000: [GC (CMS Final Remark) [YG occupancy: 1947891 K (4718592 K)]2019-10-29T08:22:57.852+0000: [Rescan (parallel) , 2.1400949 secs]2019-10-29T08:22:59.992+0000: [weak refs processing, 0.0000593 secs]2019-10-29T08:22:59.992+0000: [class unloading, 0.0584905 secs]2019-10-29T08:23:00.050+0000: [scrub symbol table, 0.0200534 secs]2019-10-29T08:23:00.071+0000: [scrub string table, 0.0010996 secs][1 CMS-remark: 4381532K(7302556K)] 6329424K(12021148K), 2.2200253 secs] [Times: user=20.29 sys=0.26, real=2.22 secs]
2019-10-29T08:23:00.072+0000: [CMS-concurrent-sweep-start]
2019-10-29T08:23:05.977+0000: [CMS-concurrent-sweep: 5.904/5.905 secs] [Times: user=16.04 sys=4.15, real=5.90 secs]
2019-10-29T08:23:05.977+0000: [CMS-concurrent-reset-start]
2019-10-29T08:23:05.993+0000: [CMS-concurrent-reset: 0.016/0.016 secs] [Times: user=0.06 sys=0.01, real=0.02 secs]
2019-10-29T08:23:07.993+0000: [GC (CMS Initial Mark) [1 CMS-initial-mark: 4361894K(7302556K)] 6476446K(12021148K), 0.8597735 secs] [Times: user=4.64 sys=0.06, real=0.86 secs]
2019-10-29T08:23:08.853+0000: [CMS-concurrent-mark-start]
2019-10-29T08:23:11.674+0000: [CMS-concurrent-mark: 2.822/2.822 secs] [Times: user=20.42 sys=1.94, real=2.82 secs]
2019-10-29T08:23:11.674+0000: [CMS-concurrent-preclean-start]
2019-10-29T08:23:11.691+0000: [CMS-concurrent-preclean: 0.017/0.017 secs] [Times: user=0.05 sys=0.02, real=0.02 secs]
2019-10-29T08:23:11.691+0000: [CMS-concurrent-abortable-preclean-start]
 CMS: abort preclean due to time 2019-10-29T08:23:18.784+0000: [CMS-concurrent-abortable-preclean: 6.992/7.092 secs] [Times: user=22.30 sys=5.35, real=7.09 secs]
2019-10-29T08:23:18.787+0000: [GC (CMS Final Remark) [YG occupancy: 2334532 K (4718592 K)]2019-10-29T08:23:18.787+0000: [Rescan (parallel) , 1.1626039 secs]2019-10-29T08:23:19.950+0000: [weak refs processing, 0.0000468 secs]2019-10-29T08:23:19.950+0000: [class unloading, 0.0245467 secs]2019-10-29T08:23:19.975+0000: [scrub symbol table, 0.0181653 secs]2019-10-29T08:23:19.993+0000: [scrub string table, 0.0012574 secs][1 CMS-remark: 4361894K(7302556K)] 6696427K(12021148K), 1.2068334 secs] [Times: user=13.52 sys=0.10, real=1.20 secs]
2019-10-29T08:23:19.994+0000: [CMS-concurrent-sweep-start]
2019-10-29T08:23:28.476+0000: [GC (Allocation Failure) 2019-10-29T08:23:28.476+0000: [ParNew: 4718592K->524288K(4718592K), 1.4767753 secs] 9080480K->5299416K(12021148K), 1.4768743 secs] [Times: user=9.07 sys=0.10, real=1.48 secs]
2019-10-29T08:23:31.519+0000: [CMS-concurrent-sweep: 10.030/11.525 secs] [Times: user=43.23 sys=4.88, real=11.53 secs]
2019-10-29T08:23:31.520+0000: [CMS-concurrent-reset-start]
2019-10-29T08:23:31.538+0000: [CMS-concurrent-reset: 0.019/0.019 secs] [Times: user=0.08 sys=0.00, real=0.02 secs]
2019-10-29T08:23:33.538+0000: [GC (CMS Initial Mark) [1 CMS-initial-mark: 4775127K(7340032K)] 9402396K(12058624K), 0.7314152 secs] [Times: user=8.93 sys=0.00, real=0.73 secs]
2019-10-29T08:23:34.269+0000: [CMS-concurrent-mark-start]
2019-10-29T08:23:34.379+0000: [GC (Allocation Failure) 2019-10-29T08:23:34.379+0000: [ParNew: 4718592K->4718592K(4718592K), 0.0000582 secs]2019-10-29T08:23:34.379+0000: [CMS2019-10-29T08:23:36.003+0000: [CMS-concurrent-mark: 1.733/1.734 secs] [Times: user=10.69 sys=0.00, real=1.73 secs]
 (concurrent mode failure): 4775127K->572419K(7340032K), 8.2230489 secs] 9493719K->572419K(12058624K), [Metaspace: 87883K->87883K(1128448K)], 8.2232398 secs] [Times: user=16.31 sys=0.00, real=8.22 secs]
2019-10-29T08:23:46.677+0000: [GC (Allocation Failure) 2019-10-29T08:23:46.677+0000: [ParNew: 4194304K->326099K(4718592K), 0.2341493 secs] 4766723K->898518K(12058624K), 0.2342461 secs] [Times: user=2.20 sys=0.00, real=0.24 secs]
2019-10-29T08:23:51.211+0000: [GC (Allocation Failure) 2019-10-29T08:23:51.211+0000: [ParNew: 4520403K->481883K(4718592K), 0.3655736 secs] 5092822K->1054303K(12058624K), 0.3656820 secs] [Times: user=4.15 sys=0.00, real=0.36 secs]
2019-10-29T08:23:55.547+0000: [GC (Allocation Failure) 2019-10-29T08:23:55.547+0000: [ParNew: 4676187K->524288K(4718592K), 0.8821988 secs] 5248607K->1310738K(12058624K), 0.8822974 secs] [Times: user=5.62 sys=0.01, real=0.88 secs]
2019-10-29T08:24:00.614+0000: [GC (Allocation Failure) 2019-10-29T08:24:00.614+0000: [ParNew: 4718592K->424620K(4718592K), 0.5565990 secs] 5505042K->1470148K(12058624K), 0.5566915 secs] [Times: user=5.81 sys=0.00, real=0.56 secs]
2019-10-29T08:24:05.572+0000: [GC (Allocation Failure) 2019-10-29T08:24:05.572+0000: [ParNew: 4618924K->360346K(4718592K), 0.4812437 secs] 5664452K->1560586K(12058624K), 0.4813232 secs] [Times: user=5.12 sys=0.00, real=0.48 secs]
2019-10-29T08:24:22.932+0000: [GC (Allocation Failure) 2019-10-29T08:24:22.932+0000: [ParNew: 4554650K->524288K(4718592K), 4.2800669 secs] 5754890K->3177815K(12058624K), 4.2801546 secs] [Times: user=19.96 sys=0.14, real=4.28 secs]
2019-10-29T08:24:36.086+0000: [GC (Allocation Failure) 2019-10-29T08:24:36.086+0000: [ParNew: 4718592K->524288K(4718592K), 4.2300820 secs] 7372119K->5643996K(12058624K), 4.2301787 secs] [Times: user=33.60 sys=0.14, real=4.22 secs]
2019-10-29T08:24:40.358+0000: [GC (CMS Initial Mark) [1 CMS-initial-mark: 5119708K(7340032K)] 5727506K(12058624K), 0.5676615 secs] [Times: user=1.02 sys=0.00, real=0.56 secs]
2019-10-29T08:24:40.926+0000: [CMS-concurrent-mark-start]
2019-10-29T08:24:44.468+0000: [CMS-concurrent-mark: 3.542/3.542 secs] [Times: user=26.66 sys=0.39, real=3.54 secs]
2019-10-29T08:24:44.468+0000: [CMS-concurrent-preclean-start]
2019-10-29T08:24:44.669+0000: [CMS-concurrent-preclean: 0.198/0.201 secs] [Times: user=0.78 sys=0.02, real=0.20 secs]
2019-10-29T08:24:44.669+0000: [CMS-concurrent-abortable-preclean-start]
2019-10-29T08:24:44.669+0000: [CMS-concurrent-abortable-preclean: 0.000/0.000 secs] [Times: user=0.00 sys=0.00, real=0.00 secs]
2019-10-29T08:24:44.677+0000: [GC (CMS Final Remark) [YG occupancy: 2253617 K (4718592 K)]2019-10-29T08:24:44.677+0000: [Rescan (parallel) , 1.0323964 secs]2019-10-29T08:24:45.709+0000: [weak refs processing, 0.0000733 secs]2019-10-29T08:24:45.709+0000: [class unloading, 0.0429035 secs]2019-10-29T08:24:45.752+0000: [scrub symbol table, 0.0495053 secs]2019-10-29T08:24:45.802+0000: [scrub string table, 0.0011167 secs][1 CMS-remark: 5119708K(7340032K)] 7373326K(12058624K), 1.1262103 secs] [Times: user=9.98 sys=0.14, real=1.13 secs]
2019-10-29T08:24:45.803+0000: [CMS-concurrent-sweep-start]
2019-10-29T08:24:49.149+0000: [GC (Allocation Failure) 2019-10-29T08:24:49.149+0000: [ParNew: 4718592K->4718592K(4718592K), 0.0000500 secs]2019-10-29T08:24:49.149+0000: [CMS2019-10-29T08:24:51.295+0000: [CMS-concurrent-sweep: 5.492/5.492 secs] [Times: user=13.38 sys=0.76, real=5.49 secs]
 (concurrent mode failure): 3972301K->4960953K(7340032K), 31.3991249 secs] 8690893K->4960953K(12058624K), [Metaspace: 87898K->87898K(1128448K)], 31.3999292 secs] [Times: user=30.85 sys=0.00, real=31.40 secs]
2019-10-29T08:25:22.562+0000: [GC (CMS Initial Mark) [1 CMS-initial-mark: 4960953K(7340032K)] 6848930K(12058624K), 0.3700090 secs] [Times: user=3.95 sys=0.00, real=0.37 secs]
2019-10-29T08:25:22.932+0000: [CMS-concurrent-mark-start]
2019-10-29T08:25:25.378+0000: [GC (Allocation Failure) 2019-10-29T08:25:25.378+0000: [ParNew: 4194304K->4194304K(4718592K), 0.0000515 secs]2019-10-29T08:25:25.378+0000: [CMS2019-10-29T08:25:30.971+0000: [CMS-concurrent-mark: 8.037/8.039 secs] [Times: user=37.20 sys=1.82, real=8.04 secs]
 (concurrent mode failure): 4960953K->5179029K(7340032K), 38.4810786 secs] 9155257K->5179029K(12058624K), [Metaspace: 87900K->87900K(1128448K)], 38.4812620 secs] [Times: user=52.61 sys=1.13, real=38.48 secs]
2019-10-29T08:26:05.874+0000: [GC (CMS Initial Mark) [1 CMS-initial-mark: 5179029K(7340032K)] 6667001K(12058624K), 0.4644094 secs] [Times: user=3.14 sys=0.00, real=0.47 secs]
2019-10-29T08:26:06.338+0000: [CMS-concurrent-mark-start]
2019-10-29T08:26:09.554+0000: [GC (Allocation Failure) 2019-10-29T08:26:09.554+0000: [ParNew: 4194304K->4194304K(4718592K), 0.0000539 secs]2019-10-29T08:26:09.554+0000: [CMSbailing out to foreground collection
2019-10-29T08:26:16.471+0000: [CMS-concurrent-mark: 10.132/10.133 secs] [Times: user=36.36 sys=1.29, real=10.13 secs]
 (concurrent mode failure): 5179029K->5389520K(7340032K), 42.6512255 secs] 9373333K->5389520K(12058624K), [Metaspace: 87900K->87900K(1128448K)], 42.6514166 secs] [Times: user=55.06 sys=0.90, real=42.65 secs]
2019-10-29T08:26:54.210+0000: [GC (CMS Initial Mark) [1 CMS-initial-mark: 5389520K(7340032K)] 7139300K(12058624K), 0.3609055 secs] [Times: user=3.62 sys=0.00, real=0.36 secs]
2019-10-29T08:26:54.571+0000: [CMS-concurrent-mark-start]
2019-10-29T08:26:57.591+0000: [GC (Allocation Failure) 2019-10-29T08:26:57.591+0000: [ParNew: 4194304K->4194304K(4718592K), 0.0000566 secs]2019-10-29T08:26:57.592+0000: [CMSbailing out to foreground collection
2019-10-29T08:27:05.074+0000: [CMS-concurrent-mark: 10.502/10.503 secs] [Times: user=37.96 sys=1.67, real=10.50 secs]
 (concurrent mode failure): 5389520K->5554850K(7340032K), 43.5194748 secs] 9583824K->5554850K(12058624K), [Metaspace: 87900K->87900K(1128448K)], 43.5196700 secs] [Times: user=59.50 sys=0.87, real=43.52 secs]
2019-10-29T08:27:43.151+0000: [GC (CMS Initial Mark) [1 CMS-initial-mark: 5554850K(7340032K)] 7074678K(12058624K), 0.3895446 secs] [Times: user=3.07 sys=0.00, real=0.39 secs]
2019-10-29T08:27:43.540+0000: [CMS-concurrent-mark-start]
2019-10-29T08:27:52.122+0000: [CMS-concurrent-mark: 8.581/8.581 secs] [Times: user=45.50 sys=2.15, real=8.58 secs]
2019-10-29T08:27:52.122+0000: [CMS-concurrent-preclean-start]
2019-10-29T08:27:52.958+0000: [CMS-concurrent-preclean: 0.835/0.836 secs] [Times: user=3.01 sys=0.22, real=0.84 secs]
2019-10-29T08:27:52.958+0000: [CMS-concurrent-abortable-preclean-start]
2019-10-29T08:27:52.958+0000: [CMS-concurrent-abortable-preclean: 0.000/0.000 secs] [Times: user=0.00 sys=0.00, real=0.00 secs]
2019-10-29T08:27:52.959+0000: [GC (CMS Final Remark) [YG occupancy: 1815261 K (4718592 K)]2019-10-29T08:27:52.959+0000: [Rescan (parallel) , 0.6077371 secs]2019-10-29T08:27:53.567+0000: [weak refs processing, 0.0000595 secs]2019-10-29T08:27:53.567+0000: [class unloading, 0.0259937 secs]2019-10-29T08:27:53.593+0000: [scrub symbol table, 0.0179759 secs]2019-10-29T08:27:53.611+0000: [scrub string table, 0.0011186 secs][1 CMS-remark: 5554850K(7340032K)] 7370112K(12058624K), 0.6530810 secs] [Times: user=6.12 sys=0.00, real=0.65 secs]
2019-10-29T08:27:53.612+0000: [CMS-concurrent-sweep-start]
2019-10-29T08:28:01.105+0000: [CMS-concurrent-sweep: 7.426/7.493 secs] [Times: user=22.78 sys=1.72, real=7.49 secs]
2019-10-29T08:28:01.106+0000: [CMS-concurrent-reset-start]
2019-10-29T08:28:01.123+0000: [CMS-concurrent-reset: 0.017/0.017 secs] [Times: user=0.07 sys=0.00, real=0.02 secs]
2019-10-29T08:28:05.482+0000: [GC (Allocation Failure) 2019-10-29T08:28:05.482+0000: [ParNew: 4194304K->524288K(4718592K), 3.2048683 secs] 8321746K->5470944K(12058624K), 3.2049630 secs] [Times: user=14.80 sys=0.12, real=3.21 secs]
2019-10-29T08:28:08.688+0000: [GC (CMS Initial Mark) [1 CMS-initial-mark: 4946656K(7340032K)] 5511220K(12058624K), 0.3265992 secs] [Times: user=0.82 sys=0.00, real=0.32 secs]
2019-10-29T08:28:09.015+0000: [CMS-concurrent-mark-start]
2019-10-29T08:28:13.306+0000: [CMS-concurrent-mark: 4.282/4.291 secs] [Times: user=24.20 sys=0.97, real=4.30 secs]
2019-10-29T08:28:13.306+0000: [CMS-concurrent-preclean-start]
2019-10-29T08:28:13.341+0000: [CMS-concurrent-preclean: 0.034/0.035 secs] [Times: user=0.07 sys=0.00, real=0.03 secs]
2019-10-29T08:28:13.342+0000: [CMS-concurrent-abortable-preclean-start]
2019-10-29T08:28:18.052+0000: [GC (Allocation Failure) 2019-10-29T08:28:18.052+0000: [ParNew: 4718592K->524288K(4718592K), 4.4052622 secs] 9665248K->7013618K(12058624K), 4.4053536 secs] [Times: user=22.40 sys=0.10, real=4.41 secs]
 CMS: abort preclean due to time 2019-10-29T08:28:25.793+0000: [CMS-concurrent-abortable-preclean: 7.910/12.451 secs] [Times: user=51.01 sys=0.27, real=12.45 secs]
2019-10-29T08:28:25.793+0000: [GC (CMS Final Remark) [YG occupancy: 2304275 K (4718592 K)]2019-10-29T08:28:25.793+0000: [Rescan (parallel) , 0.9694488 secs]2019-10-29T08:28:26.762+0000: [weak refs processing, 0.0000647 secs]2019-10-29T08:28:26.762+0000: [class unloading, 0.0284978 secs]2019-10-29T08:28:26.791+0000: [scrub symbol table, 0.0210351 secs]2019-10-29T08:28:26.812+0000: [scrub string table, 0.0012073 secs][1 CMS-remark: 6489330K(7340032K)] 8793606K(12058624K), 1.0204491 secs] [Times: user=10.80 sys=0.05, real=1.02 secs]
2019-10-29T08:28:26.814+0000: [CMS-concurrent-sweep-start]
2019-10-29T08:28:30.267+0000: [GC (Allocation Failure) 2019-10-29T08:28:30.268+0000: [ParNew: 4718592K->4718592K(4718592K), 0.0000524 secs]2019-10-29T08:28:30.268+0000: [CMS2019-10-29T08:28:37.981+0000: [CMS-concurrent-sweep: 11.159/11.168 secs] [Times: user=20.21 sys=0.52, real=11.17 secs]
 (concurrent mode failure): 5673894K->3524705K(7340032K), 32.6568810 secs] 10392486K->3524705K(12058624K), [Metaspace: 87914K->87914K(1128448K)], 32.6581941 secs] [Times: user=32.38 sys=0.09, real=32.66 secs]
2019-10-29T08:29:08.348+0000: [GC (Allocation Failure) 2019-10-29T08:29:08.348+0000: [ParNew: 4194304K->507203K(4718592K), 0.2947247 secs] 7719009K->4031909K(12058624K), 0.2948180 secs] [Times: user=3.27 sys=0.03, real=0.29 secs]
2019-10-29T08:29:13.995+0000: [GC (Allocation Failure) 2019-10-29T08:29:13.995+0000: [ParNew: 4701507K->511508K(4718592K), 0.3662807 secs] 8226213K->4036214K(12058624K), 0.3663659 secs] [Times: user=4.05 sys=0.00, real=0.37 secs]
2019-10-29T08:29:19.487+0000: [GC (Allocation Failure) 2019-10-29T08:29:19.487+0000: [ParNew: 4705812K->524288K(4718592K), 0.8719210 secs] 8230518K->4302406K(12058624K), 0.8720115 secs] [Times: user=5.09 sys=0.00, real=0.87 secs]
2019-10-29T08:29:41.246+0000: [GC (Allocation Failure) 2019-10-29T08:29:41.246+0000: [ParNew: 4718592K->524288K(4718592K), 2.0236195 secs] 8496710K->6076180K(12058624K), 2.0236925 secs] [Times: user=37.79 sys=0.10, real=2.02 secs]
2019-10-29T08:29:43.270+0000: [GC (CMS Initial Mark) [1 CMS-initial-mark: 5551892K(7340032K)] 6076209K(12058624K), 0.2913464 secs] [Times: user=0.73 sys=0.00, real=0.29 secs]
2019-10-29T08:29:43.561+0000: [CMS-concurrent-mark-start]
2019-10-29T08:29:49.264+0000: [CMS-concurrent-mark: 5.702/5.703 secs] [Times: user=43.96 sys=2.84, real=5.70 secs]
2019-10-29T08:29:49.264+0000: [CMS-concurrent-preclean-start]
2019-10-29T08:29:49.283+0000: [CMS-concurrent-preclean: 0.017/0.019 secs] [Times: user=0.07 sys=0.01, real=0.02 secs]
2019-10-29T08:29:49.283+0000: [CMS-concurrent-abortable-preclean-start]
2019-10-29T08:29:49.283+0000: [CMS-concurrent-abortable-preclean: 0.000/0.000 secs] [Times: user=0.00 sys=0.00, real=0.00 secs]
2019-10-29T08:29:49.283+0000: [GC (CMS Final Remark) [YG occupancy: 4109695 K (4718592 K)]2019-10-29T08:29:49.283+0000: [Rescan (parallel) , 0.5365471 secs]2019-10-29T08:29:49.820+0000: [weak refs processing, 0.0000645 secs]2019-10-29T08:29:49.820+0000: [class unloading, 0.0251370 secs]2019-10-29T08:29:49.845+0000: [scrub symbol table, 0.0158499 secs]2019-10-29T08:29:49.861+0000: [scrub string table, 0.0010672 secs][1 CMS-remark: 5551892K(7340032K)] 9661588K(12058624K), 0.5788805 secs] [Times: user=10.53 sys=0.00, real=0.58 secs]
2019-10-29T08:29:49.862+0000: [CMS-concurrent-sweep-start]
2019-10-29T08:29:50.795+0000: [GC (Allocation Failure) 2019-10-29T08:29:50.795+0000: [ParNew: 4718592K->4718592K(4718592K), 0.0000506 secs]2019-10-29T08:29:50.796+0000: [CMS2019-10-29T08:29:53.898+0000: [CMS-concurrent-sweep: 4.035/4.036 secs] [Times: user=6.58 sys=0.25, real=4.04 secs]
 (concurrent mode failure): 5160749K->3368969K(7340032K), 18.1488250 secs] 9879341K->3368969K(12058624K), [Metaspace: 87914K->87914K(1128448K)], 18.1500222 secs] [Times: user=18.16 sys=0.00, real=18.15 secs]
2019-10-29T08:30:16.671+0000: [GC (Allocation Failure) 2019-10-29T08:30:16.671+0000: [ParNew: 4194304K->405094K(4718592K), 0.1422607 secs] 7563273K->3774064K(12058624K), 0.1423342 secs] [Times: user=3.25 sys=0.00, real=0.14 secs]
2019-10-29T08:30:24.455+0000: [GC (Allocation Failure) 2019-10-29T08:30:24.455+0000: [ParNew: 4599398K->427845K(4718592K), 0.1945274 secs] 7968368K->3796815K(12058624K), 0.1946117 secs] [Times: user=4.23 sys=0.00, real=0.20 secs]
2019-10-29T08:30:41.734+0000: [GC (Allocation Failure) 2019-10-29T08:30:41.734+0000: [ParNew: 4622149K->524288K(4718592K), 1.6532860 secs] 7991119K->5219874K(12058624K), 1.6533635 secs] [Times: user=27.45 sys=0.05, real=1.66 secs]
2019-10-29T08:30:43.388+0000: [GC (CMS Initial Mark) [1 CMS-initial-mark: 4695586K(7340032K)] 5288314K(12058624K), 0.2164935 secs] [Times: user=0.69 sys=0.00, real=0.21 secs]
2019-10-29T08:30:43.604+0000: [CMS-concurrent-mark-start]
2019-10-29T08:30:44.143+0000: [CMS-concurrent-mark: 0.538/0.539 secs] [Times: user=4.84 sys=0.00, real=0.54 secs]
2019-10-29T08:30:44.143+0000: [CMS-concurrent-preclean-start]
2019-10-29T08:30:44.161+0000: [CMS-concurrent-preclean: 0.017/0.017 secs] [Times: user=0.07 sys=0.00, real=0.02 secs]
2019-10-29T08:30:44.161+0000: [CMS-concurrent-abortable-preclean-start]
2019-10-29T08:30:46.845+0000: [GC (Allocation Failure) 2019-10-29T08:30:46.845+0000: [ParNew: 4718592K->524288K(4718592K), 0.9210315 secs] 9414178K->5723582K(12058624K), 0.9211064 secs] [Times: user=13.53 sys=0.00, real=0.92 secs]
2019-10-29T08:30:50.260+0000: [GC (Allocation Failure) 2019-10-29T08:30:50.260+0000: [ParNew: 4718592K->384308K(4718592K), 0.6679355 secs] 9917886K->6067747K(12058624K), 0.6680092 secs] [Times: user=10.03 sys=0.01, real=0.67 secs]
 CMS: abort preclean due to time 2019-10-29T08:30:51.661+0000: [CMS-concurrent-abortable-preclean: 5.855/7.501 secs] [Times: user=47.17 sys=0.05, real=7.50 secs]
2019-10-29T08:30:51.662+0000: [GC (CMS Final Remark) [YG occupancy: 1701148 K (4718592 K)]2019-10-29T08:30:51.662+0000: [Rescan (parallel) , 0.1869979 secs]2019-10-29T08:30:51.849+0000: [weak refs processing, 0.0000658 secs]2019-10-29T08:30:51.849+0000: [class unloading, 0.0253458 secs]2019-10-29T08:30:51.874+0000: [scrub symbol table, 0.0162543 secs]2019-10-29T08:30:51.890+0000: [scrub string table, 0.0010750 secs][1 CMS-remark: 5683439K(7340032K)] 7384588K(12058624K), 0.2299347 secs] [Times: user=4.03 sys=0.01, real=0.23 secs]
2019-10-29T08:30:51.892+0000: [CMS-concurrent-sweep-start]
2019-10-29T08:30:53.806+0000: [GC (Allocation Failure) 2019-10-29T08:30:53.806+0000: [ParNew: 4578612K->508043K(4718592K), 0.2304508 secs] 8427948K->4357380K(12058624K), 0.2305451 secs] [Times: user=4.60 sys=0.00, real=0.22 secs]
2019-10-29T08:30:56.656+0000: [GC (Allocation Failure) 2019-10-29T08:30:56.656+0000: [ParNew: 4702347K->524288K(4718592K), 0.3394402 secs] 7033799K->3048500K(12058624K), 0.3395062 secs] [Times: user=6.46 sys=0.00, real=0.34 secs]
2019-10-29T08:30:57.059+0000: [CMS-concurrent-sweep: 4.597/5.167 secs] [Times: user=29.44 sys=0.01, real=5.17 secs]
2019-10-29T08:30:57.059+0000: [CMS-concurrent-reset-start]
2019-10-29T08:30:57.075+0000: [CMS-concurrent-reset: 0.016/0.016 secs] [Times: user=0.06 sys=0.00, real=0.01 secs]
2019-10-29T08:30:59.320+0000: [GC (Allocation Failure) 2019-10-29T08:30:59.320+0000: [ParNew: 4718592K->409917K(4718592K), 0.3116602 secs] 7242804K->3175020K(12058624K), 0.3117346 secs] [Times: user=6.08 sys=0.00, real=0.31 secs]
2019-10-29T08:31:02.491+0000: [GC (Allocation Failure) 2019-10-29T08:31:02.491+0000: [ParNew: 4604221K->410101K(4718592K), 0.3005493 secs] 7369324K->3368190K(12058624K), 0.3006273 secs] [Times: user=5.91 sys=0.05, real=0.30 secs]
2019-10-29T08:31:13.986+0000: [GC (Allocation Failure) 2019-10-29T08:31:13.986+0000: [ParNew: 4604405K->524288K(4718592K), 1.8489119 secs] 7562494K->4688758K(12058624K), 1.8489979 secs] [Times: user=26.28 sys=0.03, real=1.84 secs]
2019-10-29T08:31:15.837+0000: [GC (CMS Initial Mark) [1 CMS-initial-mark: 4164470K(7340032K)] 4772248K(12058624K), 0.3447240 secs] [Times: user=0.79 sys=0.02, real=0.35 secs]
2019-10-29T08:31:16.190+0000: [CMS-concurrent-mark-start]
2019-10-29T08:31:16.873+0000: [CMS-concurrent-mark: 0.683/0.683 secs] [Times: user=5.93 sys=0.02, real=0.68 secs]
2019-10-29T08:31:16.873+0000: [CMS-concurrent-preclean-start]
2019-10-29T08:31:16.889+0000: [CMS-concurrent-preclean: 0.015/0.015 secs] [Times: user=0.06 sys=0.01, real=0.02 secs]
2019-10-29T08:31:16.889+0000: [CMS-concurrent-abortable-preclean-start]
2019-10-29T08:31:21.342+0000: [CMS-concurrent-abortable-preclean: 4.453/4.454 secs] [Times: user=17.96 sys=0.15, real=4.45 secs]
2019-10-29T08:31:21.343+0000: [GC (CMS Final Remark) [YG occupancy: 4068525 K (4718592 K)]2019-10-29T08:31:21.343+0000: [Rescan (parallel) , 0.2984891 secs]2019-10-29T08:31:21.641+0000: [weak refs processing, 0.0000714 secs]2019-10-29T08:31:21.641+0000: [class unloading, 0.0251782 secs]2019-10-29T08:31:21.667+0000: [scrub symbol table, 0.0132973 secs]2019-10-29T08:31:21.680+0000: [scrub string table, 0.0010415 secs][1 CMS-remark: 4164470K(7340032K)] 8232996K(12058624K), 0.3382499 secs] [Times: user=6.87 sys=0.00, real=0.34 secs]
2019-10-29T08:31:21.681+0000: [CMS-concurrent-sweep-start]
2019-10-29T08:31:22.601+0000: [GC (Allocation Failure) 2019-10-29T08:31:22.601+0000: [ParNew: 4718592K->524288K(4718592K), 2.7228940 secs] 8411636K->6454483K(12058624K), 2.7229763 secs] [Times: user=43.30 sys=0.04, real=2.72 secs]
2019-10-29T08:31:28.557+0000: [CMS-concurrent-sweep: 4.152/6.876 secs] [Times: user=59.75 sys=0.23, real=6.87 secs]
2019-10-29T08:31:28.557+0000: [CMS-concurrent-reset-start]
2019-10-29T08:31:28.572+0000: [CMS-concurrent-reset: 0.015/0.015 secs] [Times: user=0.07 sys=0.00, real=0.02 secs]
2019-10-29T08:31:30.157+0000: [GC (Allocation Failure) 2019-10-29T08:31:30.158+0000: [ParNew: 4718592K->524288K(4718592K), 1.0821333 secs] 8420581K->5418805K(12058624K), 1.0822016 secs] [Times: user=19.30 sys=0.01, real=1.09 secs]
2019-10-29T08:31:31.240+0000: [GC (CMS Initial Mark) [1 CMS-initial-mark: 4894517K(7340032K)] 5480098K(12058624K), 0.0571409 secs] [Times: user=0.64 sys=0.00, real=0.05 secs]
2019-10-29T08:31:31.297+0000: [CMS-concurrent-mark-start]
2019-10-29T08:31:34.354+0000: [GC (Allocation Failure) 2019-10-29T08:31:34.354+0000: [ParNew: 4718592K->524288K(4718592K), 0.4721187 secs] 9613109K->5944899K(12058624K), 0.4721899 secs] [Times: user=7.98 sys=0.03, real=0.48 secs]
2019-10-29T08:31:38.523+0000: [GC (Allocation Failure) 2019-10-29T08:31:38.523+0000: [ParNew: 4718592K->4718592K(4718592K), 0.0000371 secs]2019-10-29T08:31:38.523+0000: [CMS2019-10-29T08:31:39.445+0000: [CMS-concurrent-mark: 7.674/8.148 secs] [Times: user=62.62 sys=3.88, real=8.15 secs]
 (concurrent mode failure): 5420611K->5376510K(7340032K), 34.0914484 secs] 10139203K->5376510K(12058624K), [Metaspace: 87917K->87917K(1128448K)], 34.0915854 secs] [Times: user=37.74 sys=0.19, real=34.09 secs]
2019-10-29T08:32:14.615+0000: [GC (CMS Initial Mark) [1 CMS-initial-mark: 5376510K(7340032K)] 7505442K(12058624K), 0.3639009 secs] [Times: user=4.36 sys=0.00, real=0.37 secs]
2019-10-29T08:32:14.979+0000: [CMS-concurrent-mark-start]
2019-10-29T08:32:17.169+0000: [GC (Allocation Failure) 2019-10-29T08:32:17.169+0000: [ParNew: 4194304K->261869K(4718592K), 0.2135246 secs] 9570814K->5638380K(12058624K), 0.2136225 secs] [Times: user=2.31 sys=0.00, real=0.21 secs]
2019-10-29T08:32:24.547+0000: [CMS-concurrent-mark: 9.355/9.569 secs] [Times: user=72.54 sys=3.93, real=9.57 secs]
2019-10-29T08:32:24.547+0000: [CMS-concurrent-preclean-start]
2019-10-29T08:32:25.389+0000: [CMS-concurrent-preclean: 0.836/0.842 secs] [Times: user=2.90 sys=0.14, real=0.84 secs]
2019-10-29T08:32:25.389+0000: [CMS-concurrent-abortable-preclean-start]
 CMS: abort preclean due to time 2019-10-29T08:32:30.525+0000: [CMS-concurrent-abortable-preclean: 5.134/5.135 secs] [Times: user=18.55 sys=1.39, real=5.13 secs]
2019-10-29T08:32:30.529+0000: [GC (CMS Final Remark) [YG occupancy: 2835739 K (4718592 K)]2019-10-29T08:32:30.529+0000: [Rescan (parallel) , 0.5733033 secs]2019-10-29T08:32:31.103+0000: [weak refs processing, 0.0000604 secs]2019-10-29T08:32:31.103+0000: [class unloading, 0.0262685 secs]2019-10-29T08:32:31.129+0000: [scrub symbol table, 0.0202342 secs]2019-10-29T08:32:31.149+0000: [scrub string table, 0.0011470 secs][1 CMS-remark: 5376510K(7340032K)] 8212249K(12058624K), 0.6211990 secs] [Times: user=7.30 sys=0.00, real=0.62 secs]
2019-10-29T08:32:31.151+0000: [CMS-concurrent-sweep-start]
2019-10-29T08:32:35.122+0000: [CMS-concurrent-sweep: 3.956/3.971 secs] [Times: user=14.64 sys=1.19, real=3.97 secs]
2019-10-29T08:32:35.122+0000: [CMS-concurrent-reset-start]
2019-10-29T08:32:35.139+0000: [CMS-concurrent-reset: 0.017/0.017 secs] [Times: user=0.07 sys=0.00, real=0.02 secs]
2019-10-29T08:32:36.158+0000: [GC (Allocation Failure) 2019-10-29T08:32:36.158+0000: [ParNew: 4454888K->524288K(4718592K), 1.9447985 secs] 9819055K->6802498K(12058624K), 1.9448900 secs] [Times: user=15.69 sys=0.07, real=1.94 secs]
2019-10-29T08:32:38.114+0000: [GC (CMS Initial Mark) [1 CMS-initial-mark: 6278210K(7340032K)] 6868034K(12058624K), 0.2655836 secs] [Times: user=0.85 sys=0.00, real=0.27 secs]
2019-10-29T08:32:38.379+0000: [CMS-concurrent-mark-start]
2019-10-29T08:32:41.285+0000: [CMS-concurrent-mark: 2.906/2.906 secs] [Times: user=20.79 sys=1.07, real=2.90 secs]
2019-10-29T08:32:41.286+0000: [CMS-concurrent-preclean-start]
2019-10-29T08:32:41.322+0000: [CMS-concurrent-preclean: 0.034/0.036 secs] [Times: user=0.11 sys=0.04, real=0.04 secs]
2019-10-29T08:32:41.322+0000: [CMS-concurrent-abortable-preclean-start]
2019-10-29T08:32:41.322+0000: [CMS-concurrent-abortable-preclean: 0.000/0.000 secs] [Times: user=0.00 sys=0.00, real=0.00 secs]
2019-10-29T08:32:41.322+0000: [GC (CMS Final Remark) [YG occupancy: 1545101 K (4718592 K)]2019-10-29T08:32:41.322+0000: [Rescan (parallel) , 0.3297871 secs]2019-10-29T08:32:41.652+0000: [weak refs processing, 0.0000500 secs]2019-10-29T08:32:41.652+0000: [class unloading, 0.0241165 secs]2019-10-29T08:32:41.676+0000: [scrub symbol table, 0.0167049 secs]2019-10-29T08:32:41.693+0000: [scrub string table, 0.0011334 secs][1 CMS-remark: 6278210K(7340032K)] 7823311K(12058624K), 0.3719672 secs] [Times: user=4.78 sys=0.07, real=0.37 secs]
2019-10-29T08:32:41.694+0000: [CMS-concurrent-sweep-start]
2019-10-29T08:32:49.059+0000: [GC (Allocation Failure) 2019-10-29T08:32:49.059+0000: [ParNew: 4718592K->524288K(4718592K), 3.4441946 secs] 8580939K->6039497K(12058624K), 3.4442888 secs] [Times: user=26.79 sys=0.11, real=3.44 secs]
2019-10-29T08:32:54.251+0000: [CMS-concurrent-sweep: 9.112/12.556 secs] [Times: user=60.74 sys=1.96, real=12.56 secs]
2019-10-29T08:32:54.251+0000: [CMS-concurrent-reset-start]
2019-10-29T08:32:54.268+0000: [CMS-concurrent-reset: 0.017/0.017 secs] [Times: user=0.07 sys=0.00, real=0.02 secs]
2019-10-29T08:32:56.267+0000: [GC (CMS Initial Mark) [1 CMS-initial-mark: 4327590K(7340032K)] 7374797K(12058624K), 0.5472341 secs] [Times: user=5.59 sys=0.00, real=0.54 secs]
2019-10-29T08:32:56.815+0000: [CMS-concurrent-mark-start]
2019-10-29T08:32:58.388+0000: [CMS-concurrent-mark: 1.573/1.573 secs] [Times: user=13.10 sys=0.86, real=1.58 secs]
2019-10-29T08:32:58.388+0000: [CMS-concurrent-preclean-start]
2019-10-29T08:32:58.405+0000: [CMS-concurrent-preclean: 0.017/0.017 secs] [Times: user=0.07 sys=0.00, real=0.01 secs]
2019-10-29T08:32:58.405+0000: [CMS-concurrent-abortable-preclean-start]
2019-10-29T08:33:00.001+0000: [GC (Allocation Failure) 2019-10-29T08:33:00.002+0000: [ParNew: 4718592K->524288K(4718592K), 1.0073704 secs] 9046182K->5310747K(12058624K), 1.0074559 secs] [Times: user=11.41 sys=0.05, real=1.01 secs]
 CMS: abort preclean due to time 2019-10-29T08:33:06.108+0000: [CMS-concurrent-abortable-preclean: 6.465/7.703 secs] [Times: user=34.54 sys=3.58, real=7.71 secs]
2019-10-29T08:33:06.108+0000: [GC (CMS Final Remark) [YG occupancy: 2824437 K (4718592 K)]2019-10-29T08:33:06.109+0000: [Rescan (parallel) , 0.3873014 secs]2019-10-29T08:33:06.496+0000: [weak refs processing, 0.0000732 secs]2019-10-29T08:33:06.496+0000: [class unloading, 0.0278798 secs]2019-10-29T08:33:06.524+0000: [scrub symbol table, 0.0204323 secs]2019-10-29T08:33:06.544+0000: [scrub string table, 0.0011874 secs][1 CMS-remark: 4786459K(7340032K)] 7610897K(12058624K), 0.4371078 secs] [Times: user=7.02 sys=0.00, real=0.43 secs]
2019-10-29T08:33:06.546+0000: [CMS-concurrent-sweep-start]
2019-10-29T08:33:10.819+0000: [GC (Allocation Failure) 2019-10-29T08:33:10.819+0000: [ParNew: 4718592K->372647K(4718592K), 0.8450671 secs] 8242777K->4369112K(12058624K), 0.8451488 secs] [Times: user=9.32 sys=0.00, real=0.84 secs]
2019-10-29T08:33:13.080+0000: [CMS-concurrent-sweep: 5.689/6.535 secs] [Times: user=29.01 sys=3.05, real=6.53 secs]
2019-10-29T08:33:13.080+0000: [CMS-concurrent-reset-start]
2019-10-29T08:33:13.096+0000: [CMS-concurrent-reset: 0.016/0.016 secs] [Times: user=0.04 sys=0.02, real=0.01 secs]
2019-10-29T08:33:34.235+0000: [GC (Allocation Failure) 2019-10-29T08:33:34.235+0000: [ParNew: 4566951K->524288K(4718592K), 1.9347829 secs] 8290457K->5111080K(12058624K), 1.9348732 secs] [Times: user=19.72 sys=0.04, real=1.94 secs]
2019-10-29T08:33:36.171+0000: [GC (CMS Initial Mark) [1 CMS-initial-mark: 4586792K(7340032K)] 5125472K(12058624K), 0.2084959 secs] [Times: user=0.88 sys=0.00, real=0.21 secs]
2019-10-29T08:33:36.379+0000: [CMS-concurrent-mark-start]
2019-10-29T08:33:38.744+0000: [CMS-concurrent-mark: 2.365/2.365 secs] [Times: user=21.08 sys=0.16, real=2.36 secs]
2019-10-29T08:33:38.744+0000: [CMS-concurrent-preclean-start]
2019-10-29T08:33:38.754+0000: [CMS-concurrent-preclean: 0.010/0.010 secs] [Times: user=0.04 sys=0.00, real=0.01 secs]
2019-10-29T08:33:38.755+0000: [CMS-concurrent-abortable-preclean-start]
2019-10-29T08:33:39.951+0000: [GC (Allocation Failure) 2019-10-29T08:33:39.951+0000: [ParNew: 4718592K->524288K(4718592K), 1.1260997 secs] 9305384K->5680700K(12058624K), 1.1261847 secs] [Times: user=14.55 sys=0.14, real=1.12 secs]
2019-10-29T08:33:43.545+0000: [GC (Allocation Failure) 2019-10-29T08:33:43.545+0000: [ParNew: 4718592K->418207K(4718592K), 0.6817110 secs] 9875004K->6093755K(12058624K), 0.6817934 secs] [Times: user=11.90 sys=0.08, real=0.69 secs]
 CMS: abort preclean due to time 2019-10-29T08:33:46.038+0000: [CMS-concurrent-abortable-preclean: 4.540/7.284 secs] [Times: user=47.64 sys=0.99, real=7.29 secs]
2019-10-29T08:33:46.039+0000: [GC (CMS Final Remark) [YG occupancy: 3506313 K (4718592 K)]2019-10-29T08:33:46.039+0000: [Rescan (parallel) , 0.3180261 secs]2019-10-29T08:33:46.357+0000: [weak refs processing, 0.0000531 secs]2019-10-29T08:33:46.357+0000: [class unloading, 0.0178208 secs]2019-10-29T08:33:46.375+0000: [scrub symbol table, 0.0112063 secs]2019-10-29T08:33:46.386+0000: [scrub string table, 0.0007695 secs][1 CMS-remark: 5675548K(7340032K)] 9181862K(12058624K), 0.3480151 secs] [Times: user=7.32 sys=0.00, real=0.35 secs]
2019-10-29T08:33:46.387+0000: [CMS-concurrent-sweep-start]
2019-10-29T08:33:46.988+0000: [GC (Allocation Failure) 2019-10-29T08:33:46.988+0000: [ParNew: 4612511K->524288K(4718592K), 0.2058327 secs] 10080019K->5993758K(12058624K), 0.2059026 secs] [Times: user=4.69 sys=0.00, real=0.20 secs]
2019-10-29T08:33:49.688+0000: [GC (Allocation Failure) 2019-10-29T08:33:49.688+0000: [ParNew: 4718592K->522680K(4718592K), 0.4249747 secs] 9193509K->5234361K(12058624K), 0.4250480 secs] [Times: user=6.74 sys=0.00, real=0.42 secs]
2019-10-29T08:33:50.552+0000: [CMS-concurrent-sweep: 3.534/4.166 secs] [Times: user=25.56 sys=0.00, real=4.16 secs]
2019-10-29T08:33:50.552+0000: [CMS-concurrent-reset-start]
2019-10-29T08:33:50.568+0000: [CMS-concurrent-reset: 0.015/0.015 secs] [Times: user=0.07 sys=0.00, real=0.02 secs]
2019-10-29T08:33:52.400+0000: [GC (Allocation Failure) 2019-10-29T08:33:52.400+0000: [ParNew: 4716984K->476120K(4718592K), 0.3588460 secs] 9099697K->5069569K(12058624K), 0.3589194 secs] [Times: user=5.98 sys=0.00, real=0.36 secs]
2019-10-29T08:33:55.172+0000: [GC (Allocation Failure) 2019-10-29T08:33:55.172+0000: [ParNew: 4670424K->392177K(4718592K), 0.3092501 secs] 9263873K->5214879K(12058624K), 0.3093233 secs] [Times: user=5.81 sys=0.00, real=0.31 secs]
Heap
 par new generation   total 4718592K, used 3614651K [0x00000004c0000000, 0x0000000600000000, 0x0000000600000000)
  eden space 4194304K,  76% used [0x00000004c0000000, 0x0000000584af2748, 0x00000005c0000000)
  from space 524288K,  74% used [0x00000005e0000000, 0x00000005f7efc720, 0x0000000600000000)
  to   space 524288K,   0% used [0x00000005c0000000, 0x00000005c0000000, 0x00000005e0000000)
 concurrent mark-sweep generation total 7340032K, used 4822701K [0x0000000600000000, 0x00000007c0000000, 0x00000007c0000000)
 Metaspace       used 87973K, capacity 89590K, committed 89896K, reserved 1128448K
  class space    used 11157K, capacity 11516K, committed 11640K, reserved 1048576K
(END)